Archive member included because of file (symbol)

c:/freescale/kds_3.0.0/toolchain/bin/../lib/gcc/arm-none-eabi/4.8.4/armv6-m\libgcc.a(_udivsi3.o)
                              ./SDK/platform/system/src/clock/MKL25Z4/fsl_clock_MKL25Z4.o (__aeabi_uidiv)
c:/freescale/kds_3.0.0/toolchain/bin/../lib/gcc/arm-none-eabi/4.8.4/armv6-m\libgcc.a(_dvmd_tls.o)
                              c:/freescale/kds_3.0.0/toolchain/bin/../lib/gcc/arm-none-eabi/4.8.4/armv6-m\libgcc.a(_udivsi3.o) (__aeabi_idiv0)
c:/freescale/kds_3.0.0/toolchain/bin/../lib/gcc/arm-none-eabi/4.8.4/../../../../arm-none-eabi/lib/armv6-m\libg_s.a(lib_a-assert.o)
                              ./SDK/platform/system/src/interrupt/fsl_interrupt_manager.o (__assert_func)
c:/freescale/kds_3.0.0/toolchain/bin/../lib/gcc/arm-none-eabi/4.8.4/../../../../arm-none-eabi/lib/armv6-m\libg_s.a(lib_a-exit.o)
                              c:/freescale/kds_3.0.0/toolchain/bin/../lib/gcc/arm-none-eabi/4.8.4/../../../../arm-none-eabi/lib/armv6-m/crt0.o (exit)
c:/freescale/kds_3.0.0/toolchain/bin/../lib/gcc/arm-none-eabi/4.8.4/../../../../arm-none-eabi/lib/armv6-m\libg_s.a(lib_a-fprintf.o)
                              c:/freescale/kds_3.0.0/toolchain/bin/../lib/gcc/arm-none-eabi/4.8.4/../../../../arm-none-eabi/lib/armv6-m\libg_s.a(lib_a-assert.o) (fiprintf)
c:/freescale/kds_3.0.0/toolchain/bin/../lib/gcc/arm-none-eabi/4.8.4/../../../../arm-none-eabi/lib/armv6-m\libg_s.a(lib_a-impure.o)
                              c:/freescale/kds_3.0.0/toolchain/bin/../lib/gcc/arm-none-eabi/4.8.4/../../../../arm-none-eabi/lib/armv6-m\libg_s.a(lib_a-exit.o) (_global_impure_ptr)
c:/freescale/kds_3.0.0/toolchain/bin/../lib/gcc/arm-none-eabi/4.8.4/../../../../arm-none-eabi/lib/armv6-m\libg_s.a(lib_a-init.o)
                              c:/freescale/kds_3.0.0/toolchain/bin/../lib/gcc/arm-none-eabi/4.8.4/../../../../arm-none-eabi/lib/armv6-m/crt0.o (__libc_init_array)
c:/freescale/kds_3.0.0/toolchain/bin/../lib/gcc/arm-none-eabi/4.8.4/../../../../arm-none-eabi/lib/armv6-m\libg_s.a(lib_a-malloc.o)
                              ./SDK/rtos/FreeRTOS/src/heap_3.o (malloc)
c:/freescale/kds_3.0.0/toolchain/bin/../lib/gcc/arm-none-eabi/4.8.4/../../../../arm-none-eabi/lib/armv6-m\libg_s.a(lib_a-memcpy-stub.o)
                              ./SDK/rtos/FreeRTOS/src/queue.o (memcpy)
c:/freescale/kds_3.0.0/toolchain/bin/../lib/gcc/arm-none-eabi/4.8.4/../../../../arm-none-eabi/lib/armv6-m\libg_s.a(lib_a-memset.o)
                              c:/freescale/kds_3.0.0/toolchain/bin/../lib/gcc/arm-none-eabi/4.8.4/../../../../arm-none-eabi/lib/armv6-m/crt0.o (memset)
c:/freescale/kds_3.0.0/toolchain/bin/../lib/gcc/arm-none-eabi/4.8.4/../../../../arm-none-eabi/lib/armv6-m\libg_s.a(lib_a-nano-freer.o)
                              c:/freescale/kds_3.0.0/toolchain/bin/../lib/gcc/arm-none-eabi/4.8.4/../../../../arm-none-eabi/lib/armv6-m\libg_s.a(lib_a-malloc.o) (_free_r)
c:/freescale/kds_3.0.0/toolchain/bin/../lib/gcc/arm-none-eabi/4.8.4/../../../../arm-none-eabi/lib/armv6-m\libg_s.a(lib_a-nano-mallocr.o)
                              c:/freescale/kds_3.0.0/toolchain/bin/../lib/gcc/arm-none-eabi/4.8.4/../../../../arm-none-eabi/lib/armv6-m\libg_s.a(lib_a-malloc.o) (_malloc_r)
c:/freescale/kds_3.0.0/toolchain/bin/../lib/gcc/arm-none-eabi/4.8.4/../../../../arm-none-eabi/lib/armv6-m\libg_s.a(lib_a-sbrkr.o)
                              c:/freescale/kds_3.0.0/toolchain/bin/../lib/gcc/arm-none-eabi/4.8.4/../../../../arm-none-eabi/lib/armv6-m\libg_s.a(lib_a-nano-mallocr.o) (_sbrk_r)
c:/freescale/kds_3.0.0/toolchain/bin/../lib/gcc/arm-none-eabi/4.8.4/../../../../arm-none-eabi/lib/armv6-m\libg_s.a(lib_a-vfprintf.o)
                              c:/freescale/kds_3.0.0/toolchain/bin/../lib/gcc/arm-none-eabi/4.8.4/../../../../arm-none-eabi/lib/armv6-m\libg_s.a(lib_a-fprintf.o) (_vfprintf_r)
c:/freescale/kds_3.0.0/toolchain/bin/../lib/gcc/arm-none-eabi/4.8.4/../../../../arm-none-eabi/lib/armv6-m\libg_s.a(lib_a-vfprintf_i.o)
                              c:/freescale/kds_3.0.0/toolchain/bin/../lib/gcc/arm-none-eabi/4.8.4/../../../../arm-none-eabi/lib/armv6-m\libg_s.a(lib_a-vfprintf.o) (_printf_i)
c:/freescale/kds_3.0.0/toolchain/bin/../lib/gcc/arm-none-eabi/4.8.4/../../../../arm-none-eabi/lib/armv6-m\libg_s.a(lib_a-wbuf.o)
                              c:/freescale/kds_3.0.0/toolchain/bin/../lib/gcc/arm-none-eabi/4.8.4/../../../../arm-none-eabi/lib/armv6-m\libg_s.a(lib_a-vfprintf.o) (__swbuf_r)
c:/freescale/kds_3.0.0/toolchain/bin/../lib/gcc/arm-none-eabi/4.8.4/../../../../arm-none-eabi/lib/armv6-m\libg_s.a(lib_a-wsetup.o)
                              c:/freescale/kds_3.0.0/toolchain/bin/../lib/gcc/arm-none-eabi/4.8.4/../../../../arm-none-eabi/lib/armv6-m\libg_s.a(lib_a-vfprintf.o) (__swsetup_r)
c:/freescale/kds_3.0.0/toolchain/bin/../lib/gcc/arm-none-eabi/4.8.4/../../../../arm-none-eabi/lib/armv6-m\libg_s.a(lib_a-abort.o)
[...]
Memory Configuration

Name             Origin             Length             Attributes
m_interrupts     0x00000000         0x00000200         xr
m_flash_config   0x00000400         0x00000010         xr
m_interrupts_ram 0x1ffff000         0x00000200         rw
m_text           0x00000410         0x0001fbf0         xr
m_data           0x1ffff200         0x00003e00         rw
*default*        0x00000000         0xffffffff

Linker script and memory map

LOAD c:/freescale/kds_3.0.0/toolchain/bin/../lib/gcc/arm-none-eabi/4.8.4/armv6-m/crti.o
LOAD c:/freescale/kds_3.0.0/toolchain/bin/../lib/gcc/arm-none-eabi/4.8.4/armv6-m/crtbegin.o
LOAD c:/freescale/kds_3.0.0/toolchain/bin/../lib/gcc/arm-none-eabi/4.8.4/../../../../arm-none-eabi/lib/armv6-m/crt0.o
LOAD ./Static_Code/System/PE_low_level_init.o
LOAD ./Sources/Events.o
LOAD ./Sources/main.o
LOAD ./Sources/os_tasks.o
LOAD ./SDK/rtos/FreeRTOS/src/croutine.o
LOAD ./SDK/rtos/FreeRTOS/src/event_groups.o
LOAD ./SDK/rtos/FreeRTOS/src/heap_1.o
LOAD ./SDK/rtos/FreeRTOS/src/heap_2.o
LOAD ./SDK/rtos/FreeRTOS/src/heap_3.o
LOAD ./SDK/rtos/FreeRTOS/src/heap_4.o
LOAD ./SDK/rtos/FreeRTOS/src/list.o
LOAD ./SDK/rtos/FreeRTOS/src/queue.o
LOAD ./SDK/rtos/FreeRTOS/src/tasks.o
LOAD ./SDK/rtos/FreeRTOS/src/timers.o
LOAD ./SDK/rtos/FreeRTOS/port/gcc/port.o
LOAD ./SDK/rtos/FreeRTOS/port/gcc/portasm.o
LOAD ./SDK/platform/system/src/interrupt/fsl_interrupt_manager.o
LOAD ./SDK/platform/system/src/clock/MKL25Z4/fsl_clock_MKL25Z4.o
LOAD ./SDK/platform/system/src/clock/fsl_clock_manager.o
LOAD ./SDK/platform/system/src/clock/fsl_clock_manager_common.o
LOAD ./SDK/platform/osa/src/fsl_os_abstraction_free_rtos.o
LOAD ./SDK/platform/hal/src/sim/MKL25Z4/fsl_sim_hal_MKL25Z4.o
LOAD ./SDK/platform/hal/src/rtc/fsl_rtc_hal.o
LOAD ./SDK/platform/hal/src/port/fsl_port_hal.o
LOAD ./SDK/platform/hal/src/osc/fsl_osc_hal.o
LOAD ./SDK/platform/hal/src/mcg/fsl_mcg_hal.o
LOAD ./SDK/platform/hal/src/mcg/fsl_mcg_hal_modes.o
LOAD ./SDK/platform/drivers/src/rtc/fsl_rtc_common.o
LOAD ./SDK/platform/devices/MKL25Z4/startup/gcc/startup_MKL25Z4.o
LOAD ./SDK/platform/devices/MKL25Z4/startup/system_MKL25Z4.o
LOAD ./SDK/platform/devices/startup.o
LOAD ./Generated_Code/Cpu.o
LOAD ./Generated_Code/Task1.o
LOAD ./Generated_Code/clockMan1.o
LOAD ./Generated_Code/free_rtos.o
LOAD ./Generated_Code/hardware_init.o
LOAD ./Generated_Code/osa1.o
LOAD ./Generated_Code/pin_init.o
LOAD c:/freescale/kds_3.0.0/toolchain/bin/../lib/gcc/arm-none-eabi/4.8.4/../../../../arm-none-eabi/lib/armv6-m\libstdc++_s.a
LOAD c:/freescale/kds_3.0.0/toolchain/bin/../lib/gcc/arm-none-eabi/4.8.4/../../../../arm-none-eabi/lib/armv6-m\libm.a
START GROUP
LOAD c:/freescale/kds_3.0.0/toolchain/bin/../lib/gcc/arm-none-eabi/4.8.4/armv6-m\libgcc.a
LOAD c:/freescale/kds_3.0.0/toolchain/bin/../lib/gcc/arm-none-eabi/4.8.4/../../../../arm-none-eabi/lib/armv6-m\libg_s.a
LOAD c:/freescale/kds_3.0.0/toolchain/bin/../lib/gcc/arm-none-eabi/4.8.4/../../../../arm-none-eabi/lib/armv6-m\libc_s.a
END GROUP
START GROUP
LOAD c:/freescale/kds_3.0.0/toolchain/bin/../lib/gcc/arm-none-eabi/4.8.4/armv6-m\libgcc.a
LOAD c:/freescale/kds_3.0.0/toolchain/bin/../lib/gcc/arm-none-eabi/4.8.4/../../../../arm-none-eabi/lib/armv6-m\libc_s.a
LOAD c:/freescale/kds_3.0.0/toolchain/bin/../lib/gcc/arm-none-eabi/4.8.4/../../../../arm-none-eabi/lib/armv6-m\libnosys.a
END GROUP
START GROUP
LOAD c:/freescale/kds_3.0.0/toolchain/bin/../lib/gcc/arm-none-eabi/4.8.4/armv6-m\libgcc.a
LOAD c:/freescale/kds_3.0.0/toolchain/bin/../lib/gcc/arm-none-eabi/4.8.4/../../../../arm-none-eabi/lib/armv6-m\libc_s.a
LOAD c:/freescale/kds_3.0.0/toolchain/bin/../lib/gcc/arm-none-eabi/4.8.4/../../../../arm-none-eabi/lib/armv6-m\libnosys.a
END GROUP
LOAD c:/freescale/kds_3.0.0/toolchain/bin/../lib/gcc/arm-none-eabi/4.8.4/armv6-m/crtend.o
LOAD c:/freescale/kds_3.0.0/toolchain/bin/../lib/gcc/arm-none-eabi/4.8.4/armv6-m/crtn.o
                0x00000000                HEAP_SIZE = DEFINED (__heap_size__)?__heap_size__:0x0
                0x00000400                STACK_SIZE = DEFINED (__stack_size__)?__stack_size__:0x400

.interrupts     0x00000000       0xc0
                0x00000000                __VECTOR_TABLE = .
                0x00000000                . = ALIGN (0x4)
 *(.isr_vector)
 .isr_vector    0x00000000       0xc0 ./SDK/platform/devices/MKL25Z4/startup/gcc/startup_MKL25Z4.o
                0x00000000                __isr_vector
                0x000000c0                . = ALIGN (0x4)
                0x1ffff000                __VECTOR_RAM = ORIGIN (m_interrupts_ram)

.flash_config   0x00000400       0x10
                0x00000400                . = ALIGN (0x4)
 *(.FlashConfig)
 .FlashConfig   0x00000400       0x10 ./SDK/platform/devices/MKL25Z4/startup/gcc/startup_MKL25Z4.o
                0x00000410                . = ALIGN (0x4)

.text           0x00000410     0x3508
                0x00000410                . = ALIGN (0x4)
 *(.text)
 .text          0x00000410       0x60 c:/freescale/kds_3.0.0/toolchain/bin/../lib/gcc/arm-none-eabi/4.8.4/armv6-m/crtbegin.o
 .text          0x00000470       0x78 c:/freescale/kds_3.0.0/toolchain/bin/../lib/gcc/arm-none-eabi/4.8.4/../../../../arm-none-eabi/lib/armv6-m/crt0.o
                0x00000470                _start
                0x00000470                _mainCRTStartup
 .text          0x000004e8       0x18 ./SDK/platform/devices/MKL25Z4/startup/gcc/startup_MKL25Z4.o
                0x000004e8                Reset_Handler
                0x000004f8                HardFault_Handler
                0x000004f8                NMI_Handler
                0x000004f8                I2C1_IRQHandler
                0x000004f8                UART1_IRQHandler
                0x000004f8                DMA2_IRQHandler
                0x000004f8                TPM0_IRQHandler
                0x000004f8                LLWU_IRQHandler
                0x000004f8                TSI0_IRQHandler
                0x000004f8                UART0_IRQHandler
                0x000004f8                ADC0_IRQHandler
                0x000004f8                Reserved39_IRQHandler
                0x000004f8                SPI1_IRQHandler
                0x000004f8                DefaultISR
                0x000004f8                PORTD_IRQHandler
                0x000004f8                TPM2_IRQHandler
                0x000004f8                RTC_IRQHandler
                0x000004f8                I2C0_IRQHandler
                0x000004f8                RTC_Seconds_IRQHandler
                0x000004f8                MCG_IRQHandler
                0x000004f8                UART2_IRQHandler
                0x000004f8                Reserved20_IRQHandler
                0x000004f8                USB0_IRQHandler
                0x000004f8                PIT_IRQHandler
                0x000004f8                DMA3_IRQHandler
                0x000004f8                DMA0_IRQHandler
                0x000004f8                DAC0_IRQHandler
                0x000004f8                Reserved45_IRQHandler
                0x000004f8                TPM1_IRQHandler
                0x000004f8                LVD_LVW_IRQHandler
                0x000004f8                SPI0_IRQHandler
                0x000004f8                PORTA_IRQHandler
                0x000004f8                FTFA_IRQHandler
                0x000004f8                LPTMR0_IRQHandler
                0x000004f8                CMP0_IRQHandler
                0x000004f8                DMA1_IRQHandler
 .text          0x00000500       0x9c c:/freescale/kds_3.0.0/toolchain/bin/../lib/gcc/arm-none-eabi/4.8.4/armv6-m\libgcc.a(_udivsi3.o)
                0x00000500                __aeabi_uidiv
                0x00000500                __udivsi3
                0x00000588                __aeabi_uidivmod
 .text          0x0000059c        0x4 c:/freescale/kds_3.0.0/toolchain/bin/../lib/gcc/arm-none-eabi/4.8.4/armv6-m\libgcc.a(_dvmd_tls.o)
                0x0000059c                __aeabi_idiv0
                0x0000059c                __aeabi_ldiv0
 *(.text*)
 .text.PEX_components_init
                0x000005a0        0xc ./Static_Code/System/PE_low_level_init.o
                0x000005a0                PEX_components_init
 .text.PE_low_level_init
                0x000005ac       0x14 ./Static_Code/System/PE_low_level_init.o
                0x000005ac                PE_low_level_init
 .text.main     0x000005c0       0x10 ./Sources/main.o
                0x000005c0                main
 .text.Task1_task
                0x000005d0       0x10 ./Sources/os_tasks.o
                0x000005d0                Task1_task
 .text.pvPortMalloc
                0x000005e0       0x28 ./SDK/rtos/FreeRTOS/src/heap_3.o
                0x000005e0                pvPortMalloc
 .text.vPortFree
                0x00000608       0x24 ./SDK/rtos/FreeRTOS/src/heap_3.o
                0x00000608                vPortFree
 .text.vListInitialise
                0x0000062c       0x3c ./SDK/rtos/FreeRTOS/src/list.o
                0x0000062c                vListInitialise
 .text.vListInitialiseItem
                0x00000668       0x14 ./SDK/rtos/FreeRTOS/src/list.o
                0x00000668                vListInitialiseItem
 .text.vListInsertEnd
                0x0000067c       0x44 ./SDK/rtos/FreeRTOS/src/list.o
                0x0000067c                vListInsertEnd
 .text.vListInsert
                0x000006c0       0x6c ./SDK/rtos/FreeRTOS/src/list.o
                0x000006c0                vListInsert
 .text.uxListRemove
                0x0000072c       0x50 ./SDK/rtos/FreeRTOS/src/list.o
                0x0000072c                uxListRemove
 .text.xQueueGenericReset
                0x0000077c       0xac ./SDK/rtos/FreeRTOS/src/queue.o
                0x0000077c                xQueueGenericReset
 .text.xQueueGenericCreate
                0x00000828       0x80 ./SDK/rtos/FreeRTOS/src/queue.o
                0x00000828                xQueueGenericCreate
 .text.xQueueGenericSend
                0x000008a8      0x180 ./SDK/rtos/FreeRTOS/src/queue.o
                0x000008a8                xQueueGenericSend
 .text.xQueueGenericSendFromISR
                0x00000a28       0xcc ./SDK/rtos/FreeRTOS/src/queue.o
                0x00000a28                xQueueGenericSendFromISR
 .text.xQueueGenericReceive
                0x00000af4      0x1bc ./SDK/rtos/FreeRTOS/src/queue.o
                0x00000af4                xQueueGenericReceive
 .text.prvCopyDataToQueue
                0x00000cb0       0xd4 ./SDK/rtos/FreeRTOS/src/queue.o
 .text.prvCopyDataFromQueue
                0x00000d84       0x50 ./SDK/rtos/FreeRTOS/src/queue.o
 .text.prvUnlockQueue
                0x00000dd4       0x98 ./SDK/rtos/FreeRTOS/src/queue.o
 .text.prvIsQueueEmpty
                0x00000e6c       0x2c ./SDK/rtos/FreeRTOS/src/queue.o
 .text.prvIsQueueFull
                0x00000e98       0x30 ./SDK/rtos/FreeRTOS/src/queue.o
 .text.vQueueWaitForMessageRestricted
                0x00000ec8       0x58 ./SDK/rtos/FreeRTOS/src/queue.o
                0x00000ec8                vQueueWaitForMessageRestricted
 .text.xTaskGenericCreate
                0x00000f20      0x16c ./SDK/rtos/FreeRTOS/src/tasks.o
                0x00000f20                xTaskGenericCreate
 .text.vTaskDelay
                0x0000108c       0x64 ./SDK/rtos/FreeRTOS/src/tasks.o
                0x0000108c                vTaskDelay
 .text.vTaskStartScheduler
                0x000010f0       0x74 ./SDK/rtos/FreeRTOS/src/tasks.o
                0x000010f0                vTaskStartScheduler
 .text.vTaskSuspendAll
                0x00001164       0x18 ./SDK/rtos/FreeRTOS/src/tasks.o
                0x00001164                vTaskSuspendAll
 .text.xTaskResumeAll
                0x0000117c      0x108 ./SDK/rtos/FreeRTOS/src/tasks.o
                0x0000117c                xTaskResumeAll
 .text.xTaskGetTickCount
                0x00001284       0x24 ./SDK/rtos/FreeRTOS/src/tasks.o
                0x00001284                xTaskGetTickCount
 .text.xTaskIncrementTick
                0x000012a8      0x16c ./SDK/rtos/FreeRTOS/src/tasks.o
                0x000012a8                xTaskIncrementTick
 .text.vTaskSwitchContext
                0x00001414       0xa0 ./SDK/rtos/FreeRTOS/src/tasks.o
                0x00001414                vTaskSwitchContext
 .text.vTaskPlaceOnEventList
                0x000014b4       0x6c ./SDK/rtos/FreeRTOS/src/tasks.o
                0x000014b4                vTaskPlaceOnEventList
 .text.vTaskPlaceOnEventListRestricted
                0x00001520       0x50 ./SDK/rtos/FreeRTOS/src/tasks.o
                0x00001520                vTaskPlaceOnEventListRestricted
 .text.xTaskRemoveFromEventList
                0x00001570       0xb8 ./SDK/rtos/FreeRTOS/src/tasks.o
                0x00001570                xTaskRemoveFromEventList
 .text.vTaskSetTimeOutState
                0x00001628       0x30 ./SDK/rtos/FreeRTOS/src/tasks.o
                0x00001628                vTaskSetTimeOutState
 .text.xTaskCheckForTimeOut
                0x00001658       0x9c ./SDK/rtos/FreeRTOS/src/tasks.o
                0x00001658                xTaskCheckForTimeOut
 .text.vTaskMissedYield
                0x000016f4       0x14 ./SDK/rtos/FreeRTOS/src/tasks.o
                0x000016f4                vTaskMissedYield
 .text.prvIdleTask
                0x00001708       0x20 ./SDK/rtos/FreeRTOS/src/tasks.o
 .text.prvInitialiseTCBVariables
                0x00001728       0x90 ./SDK/rtos/FreeRTOS/src/tasks.o
 .text.prvInitialiseTaskLists
                0x000017b8       0x88 ./SDK/rtos/FreeRTOS/src/tasks.o
 .text.prvCheckTasksWaitingTermination
                0x00001840       0x74 ./SDK/rtos/FreeRTOS/src/tasks.o
 .text.prvAddCurrentTaskToDelayedList
                0x000018b4       0x6c ./SDK/rtos/FreeRTOS/src/tasks.o
 .text.prvAllocateTCBAndStack
                0x00001920       0x70 ./SDK/rtos/FreeRTOS/src/tasks.o
 .text.prvDeleteTCB
                0x00001990       0x20 ./SDK/rtos/FreeRTOS/src/tasks.o
 .text.prvResetNextTaskUnblockTime
                0x000019b0       0x44 ./SDK/rtos/FreeRTOS/src/tasks.o
 .text.xTaskGetCurrentTaskHandle
                0x000019f4       0x1c ./SDK/rtos/FreeRTOS/src/tasks.o
                0x000019f4                xTaskGetCurrentTaskHandle
 .text.xTaskGetSchedulerState
                0x00001a10       0x38 ./SDK/rtos/FreeRTOS/src/tasks.o
                0x00001a10                xTaskGetSchedulerState
 .text.vTaskPriorityInherit
                0x00001a48       0xbc ./SDK/rtos/FreeRTOS/src/tasks.o
                0x00001a48                vTaskPriorityInherit
 .text.vTaskPriorityDisinherit
                0x00001b04       0x84 ./SDK/rtos/FreeRTOS/src/tasks.o
                0x00001b04                vTaskPriorityDisinherit
 .text.xTimerCreateTimerTask
                0x00001b88       0x60 ./SDK/rtos/FreeRTOS/src/timers.o
                0x00001b88                xTimerCreateTimerTask
 .text.xTimerGenericCommand
                0x00001be8       0xa0 ./SDK/rtos/FreeRTOS/src/timers.o
                0x00001be8                xTimerGenericCommand
 .text.prvProcessExpiredTimer
                0x00001c88       0x74 ./SDK/rtos/FreeRTOS/src/timers.o
 .text.prvTimerTask
                0x00001cfc       0x28 ./SDK/rtos/FreeRTOS/src/timers.o
 .text.prvProcessTimerOrBlockTask
                0x00001d24       0x74 ./SDK/rtos/FreeRTOS/src/timers.o
 .text.prvGetNextExpireTime
                0x00001d98       0x40 ./SDK/rtos/FreeRTOS/src/timers.o
 .text.prvSampleTimeNow
                0x00001dd8       0x40 ./SDK/rtos/FreeRTOS/src/timers.o
 .text.prvInsertTimerInActiveList
                0x00001e18       0x84 ./SDK/rtos/FreeRTOS/src/timers.o
 .text.prvProcessReceivedCommands
                0x00001e9c      0x140 ./SDK/rtos/FreeRTOS/src/timers.o
 .text.prvSwitchTimerLists
                0x00001fdc       0xb8 ./SDK/rtos/FreeRTOS/src/timers.o
 .text.prvCheckForValidListAndQueue
                0x00002094       0x64 ./SDK/rtos/FreeRTOS/src/timers.o
 .text.pxPortInitialiseStack
                0x000020f8       0x50 ./SDK/rtos/FreeRTOS/port/gcc/port.o
                0x000020f8                pxPortInitialiseStack
 .text.vPortInitTickTimer
                0x00002148       0x3c ./SDK/rtos/FreeRTOS/port/gcc/port.o
                0x00002148                vPortInitTickTimer
 .text.vPortStartTickTimer
                0x00002184       0x14 ./SDK/rtos/FreeRTOS/port/gcc/port.o
                0x00002184                vPortStartTickTimer
 .text.xPortStartScheduler
                0x00002198       0x34 ./SDK/rtos/FreeRTOS/port/gcc/port.o
                0x00002198                xPortStartScheduler
 .text.vPortEnterCritical
                0x000021cc       0x20 ./SDK/rtos/FreeRTOS/port/gcc/port.o
                0x000021cc                vPortEnterCritical
 .text.vPortExitCritical
                0x000021ec       0x20 ./SDK/rtos/FreeRTOS/port/gcc/port.o
                0x000021ec                vPortExitCritical
 .text.vPortYieldFromISR
                0x0000220c       0x1c ./SDK/rtos/FreeRTOS/port/gcc/port.o
                0x0000220c                vPortYieldFromISR
 .text.SysTick_Handler
                0x00002228       0x1c ./SDK/rtos/FreeRTOS/port/gcc/port.o
                0x00002228                SysTick_Handler
 .text.vPortStartFirstTask
                0x00002244       0x1c ./SDK/rtos/FreeRTOS/port/gcc/port.o
                0x00002244                vPortStartFirstTask
 .text.SVC_Handler
                0x00002260       0x28 ./SDK/rtos/FreeRTOS/port/gcc/port.o
                0x00002260                SVC_Handler
 .text.PendSV_Handler
                0x00002288       0x44 ./SDK/rtos/FreeRTOS/port/gcc/port.o
                0x00002288                PendSV_Handler
 .text.OSA_TaskCreate
                0x000022cc       0x50 ./SDK/platform/osa/src/fsl_os_abstraction_free_rtos.o
                0x000022cc                OSA_TaskCreate
 .text.OSA_TimeDelay
                0x0000231c       0x2c ./SDK/platform/osa/src/fsl_os_abstraction_free_rtos.o
                0x0000231c                OSA_TimeDelay
 .text.OSA_Init
                0x00002348        0xc ./SDK/platform/osa/src/fsl_os_abstraction_free_rtos.o
                0x00002348                OSA_Init
 .text.OSA_Start
                0x00002354       0x10 ./SDK/platform/osa/src/fsl_os_abstraction_free_rtos.o
                0x00002354                OSA_Start
 .text.SystemInit
                0x00002364      0x178 ./SDK/platform/devices/MKL25Z4/startup/system_MKL25Z4.o
                0x00002364                SystemInit
 .text.init_data_bss
                0x000024dc       0xc8 ./SDK/platform/devices/startup.o
                0x000024dc                init_data_bss
 .text.Components_Init
                0x000025a4        0xc ./Generated_Code/Cpu.o
                0x000025a4                Components_Init
 .text.Task1_Init
                0x000025b0       0x4c ./Generated_Code/Task1.o
                0x000025b0                Task1_Init
 .text.SIM_HAL_EnableClock
                0x000025fc       0x58 ./Generated_Code/hardware_init.o
 .text.hardware_init
                0x00002654       0x38 ./Generated_Code/hardware_init.o
                0x00002654                hardware_init
 .text.PORT_HAL_SetMuxMode
                0x0000268c       0x4c ./Generated_Code/pin_init.o
 .text.init_osc_pins
                0x000026d8       0x2c ./Generated_Code/pin_init.o
                0x000026d8                init_osc_pins
 .text.init_rcm_pins
                0x00002704       0x20 ./Generated_Code/pin_init.o
                0x00002704                init_rcm_pins
 .text.init_swd_pins
                0x00002724       0x2c ./Generated_Code/pin_init.o
                0x00002724                init_swd_pins
 .text.__assert_func
                0x00002750       0x3c c:/freescale/kds_3.0.0/toolchain/bin/../lib/gcc/arm-none-eabi/4.8.4/../../../../arm-none-eabi/lib/armv6-m\libg_s.a(lib_a-assert.o)
                0x00002750                __assert_func
 .text.exit     0x0000278c       0x2c c:/freescale/kds_3.0.0/toolchain/bin/../lib/gcc/arm-none-eabi/4.8.4/../../../../arm-none-eabi/lib/armv6-m\libg_s.a(lib_a-exit.o)
                0x0000278c                exit
 .text.fprintf  0x000027b8       0x24 c:/freescale/kds_3.0.0/toolchain/bin/../lib/gcc/arm-none-eabi/4.8.4/../../../../arm-none-eabi/lib/armv6-m\libg_s.a(lib_a-fprintf.o)
                0x000027b8                fiprintf
                0x000027b8                fprintf
 .text.__libc_init_array
                0x000027dc       0x4c c:/freescale/kds_3.0.0/toolchain/bin/../lib/gcc/arm-none-eabi/4.8.4/../../../../arm-none-eabi/lib/armv6-m\libg_s.a(lib_a-init.o)
                0x000027dc                __libc_init_array
 .text.malloc   0x00002828       0x14 c:/freescale/kds_3.0.0/toolchain/bin/../lib/gcc/arm-none-eabi/4.8.4/../../../../arm-none-eabi/lib/armv6-m\libg_s.a(lib_a-malloc.o)
                0x00002828                malloc
 .text.free     0x0000283c       0x14 c:/freescale/kds_3.0.0/toolchain/bin/../lib/gcc/arm-none-eabi/4.8.4/../../../../arm-none-eabi/lib/armv6-m\libg_s.a(lib_a-malloc.o)
                0x0000283c                free
 .text.memcpy   0x00002850       0x12 c:/freescale/kds_3.0.0/toolchain/bin/../lib/gcc/arm-none-eabi/4.8.4/../../../../arm-none-eabi/lib/armv6-m\libg_s.a(lib_a-memcpy-stub.o)
                0x00002850                memcpy
 .text.memset   0x00002862       0x10 c:/freescale/kds_3.0.0/toolchain/bin/../lib/gcc/arm-none-eabi/4.8.4/../../../../arm-none-eabi/lib/armv6-m\libg_s.a(lib_a-memset.o)
                0x00002862                memset
 *fill*         0x00002872        0x2 
 .text._free_r  0x00002874       0x90 c:/freescale/kds_3.0.0/toolchain/bin/../lib/gcc/arm-none-eabi/4.8.4/../../../../arm-none-eabi/lib/armv6-m\libg_s.a(lib_a-nano-freer.o)
                0x00002874                _free_r
 .text._malloc_r
                0x00002904       0xa8 c:/freescale/kds_3.0.0/toolchain/bin/../lib/gcc/arm-none-eabi/4.8.4/../../../../arm-none-eabi/lib/armv6-m\libg_s.a(lib_a-nano-mallocr.o)
                0x00002904                _malloc_r
 .text._sbrk_r  0x000029ac       0x24 c:/freescale/kds_3.0.0/toolchain/bin/../lib/gcc/arm-none-eabi/4.8.4/../../../../arm-none-eabi/lib/armv6-m\libg_s.a(lib_a-sbrkr.o)
                0x000029ac                _sbrk_r
 .text.__sfputc_r
                0x000029d0       0x2a c:/freescale/kds_3.0.0/toolchain/bin/../lib/gcc/arm-none-eabi/4.8.4/../../../../arm-none-eabi/lib/armv6-m\libg_s.a(lib_a-vfprintf.o)
 .text.__sfputs_r
                0x000029fa       0x24 c:/freescale/kds_3.0.0/toolchain/bin/../lib/gcc/arm-none-eabi/4.8.4/../../../../arm-none-eabi/lib/armv6-m\libg_s.a(lib_a-vfprintf.o)
                0x000029fa                __sfputs_r
 *fill*         0x00002a1e        0x2 
 .text._vfprintf_r
                0x00002a20      0x210 c:/freescale/kds_3.0.0/toolchain/bin/../lib/gcc/arm-none-eabi/4.8.4/../../../../arm-none-eabi/lib/armv6-m\libg_s.a(lib_a-vfprintf.o)
                0x00002a20                _vfprintf_r
                0x00002a20                _vfiprintf_r
 .text._printf_common
                0x00002c30       0xe8 c:/freescale/kds_3.0.0/toolchain/bin/../lib/gcc/arm-none-eabi/4.8.4/../../../../arm-none-eabi/lib/armv6-m\libg_s.a(lib_a-vfprintf_i.o)
                0x00002c30                _printf_common
 .text._printf_i
                0x00002d18      0x22c c:/freescale/kds_3.0.0/toolchain/bin/../lib/gcc/arm-none-eabi/4.8.4/../../../../arm-none-eabi/lib/armv6-m\libg_s.a(lib_a-vfprintf_i.o)
                0x00002d18                _printf_i
 .text.__swbuf_r
                0x00002f44       0xb0 c:/freescale/kds_3.0.0/toolchain/bin/../lib/gcc/arm-none-eabi/4.8.4/../../../../arm-none-eabi/lib/armv6-m\libg_s.a(lib_a-wbuf.o)
                0x00002f44                __swbuf_r
 .text.__swsetup_r
                0x00002ff4       0xe4 c:/freescale/kds_3.0.0/toolchain/bin/../lib/gcc/arm-none-eabi/4.8.4/../../../../arm-none-eabi/lib/armv6-m\libg_s.a(lib_a-wsetup.o)
                0x00002ff4                __swsetup_r
 .text.abort    0x000030d8        0xe c:/freescale/kds_3.0.0/toolchain/bin/../lib/gcc/arm-none-eabi/4.8.4/../../../../arm-none-eabi/lib/armv6-m\libg_s.a(lib_a-abort.o)
                0x000030d8                abort
 .text.__sflush_r
                0x000030e6      0x112 c:/freescale/kds_3.0.0/toolchain/bin/../lib/gcc/arm-none-eabi/4.8.4/../../../../arm-none-eabi/lib/armv6-m\libg_s.a(lib_a-fflush.o)
                0x000030e6                __sflush_r
 .text._fflush_r
                0x000031f8       0x58 c:/freescale/kds_3.0.0/toolchain/bin/../lib/gcc/arm-none-eabi/4.8.4/../../../../arm-none-eabi/lib/armv6-m\libg_s.a(lib_a-fflush.o)
                0x000031f8                _fflush_r
 .text._cleanup_r
                0x00003250       0x34 c:/freescale/kds_3.0.0/toolchain/bin/../lib/gcc/arm-none-eabi/4.8.4/../../../../arm-none-eabi/lib/armv6-m\libg_s.a(lib_a-findfp.o)
                0x00003250                _cleanup_r
 .text.std.isra.0
                0x00003284       0x48 c:/freescale/kds_3.0.0/toolchain/bin/../lib/gcc/arm-none-eabi/4.8.4/../../../../arm-none-eabi/lib/armv6-m\libg_s.a(lib_a-findfp.o)
 .text.__sfmoreglue
                0x000032cc       0x2c c:/freescale/kds_3.0.0/toolchain/bin/../lib/gcc/arm-none-eabi/4.8.4/../../../../arm-none-eabi/lib/armv6-m\libg_s.a(lib_a-findfp.o)
                0x000032cc                __sfmoreglue
 .text.__sinit  0x000032f8       0x64 c:/freescale/kds_3.0.0/toolchain/bin/../lib/gcc/arm-none-eabi/4.8.4/../../../../arm-none-eabi/lib/armv6-m\libg_s.a(lib_a-findfp.o)
                0x000032f8                __sinit
 .text.__sfp    0x0000335c       0x7c c:/freescale/kds_3.0.0/toolchain/bin/../lib/gcc/arm-none-eabi/4.8.4/../../../../arm-none-eabi/lib/armv6-m\libg_s.a(lib_a-findfp.o)
                0x0000335c                __sfp
 .text.__smakebuf_r
                0x000033d8       0xa0 c:/freescale/kds_3.0.0/toolchain/bin/../lib/gcc/arm-none-eabi/4.8.4/../../../../arm-none-eabi/lib/armv6-m\libg_s.a(lib_a-makebuf.o)
                0x000033d8                __smakebuf_r
 .text.memchr   0x00003478       0x16 c:/freescale/kds_3.0.0/toolchain/bin/../lib/gcc/arm-none-eabi/4.8.4/../../../../arm-none-eabi/lib/armv6-m\libg_s.a(lib_a-memchr-stub.o)
                0x00003478                memchr
 .text._raise_r
                0x0000348e       0x56 c:/freescale/kds_3.0.0/toolchain/bin/../lib/gcc/arm-none-eabi/4.8.4/../../../../arm-none-eabi/lib/armv6-m\libg_s.a(lib_a-signal.o)
                0x0000348e                _raise_r
 .text.raise    0x000034e4       0x14 c:/freescale/kds_3.0.0/toolchain/bin/../lib/gcc/arm-none-eabi/4.8.4/../../../../arm-none-eabi/lib/armv6-m\libg_s.a(lib_a-signal.o)
                0x000034e4                raise
 .text._kill_r  0x000034f8       0x24 c:/freescale/kds_3.0.0/toolchain/bin/../lib/gcc/arm-none-eabi/4.8.4/../../../../arm-none-eabi/lib/armv6-m\libg_s.a(lib_a-signalr.o)
                0x000034f8                _kill_r
 .text._getpid_r
                0x0000351c        0x8 c:/freescale/kds_3.0.0/toolchain/bin/../lib/gcc/arm-none-eabi/4.8.4/../../../../arm-none-eabi/lib/armv6-m\libg_s.a(lib_a-signalr.o)
                0x0000351c                _getpid_r
 .text.__sread  0x00003524       0x28 c:/freescale/kds_3.0.0/toolchain/bin/../lib/gcc/arm-none-eabi/4.8.4/../../../../arm-none-eabi/lib/armv6-m\libg_s.a(lib_a-stdio.o)
                0x00003524                __sread
 .text.__swrite
                0x0000354c       0x38 c:/freescale/kds_3.0.0/toolchain/bin/../lib/gcc/arm-none-eabi/4.8.4/../../../../arm-none-eabi/lib/armv6-m\libg_s.a(lib_a-stdio.o)
                0x0000354c                __swrite
 .text.__sseek  0x00003584       0x2c c:/freescale/kds_3.0.0/toolchain/bin/../lib/gcc/arm-none-eabi/4.8.4/../../../../arm-none-eabi/lib/armv6-m\libg_s.a(lib_a-stdio.o)
                0x00003584                __sseek
 .text.__sclose
                0x000035b0        0xc c:/freescale/kds_3.0.0/toolchain/bin/../lib/gcc/arm-none-eabi/4.8.4/../../../../arm-none-eabi/lib/armv6-m\libg_s.a(lib_a-stdio.o)
                0x000035b0                __sclose
 .text.strlen   0x000035bc        0xe c:/freescale/kds_3.0.0/toolchain/bin/../lib/gcc/arm-none-eabi/4.8.4/../../../../arm-none-eabi/lib/armv6-m\libg_s.a(lib_a-strlen.o)
                0x000035bc                strlen
 *fill*         0x000035ca        0x2 
 .text._write_r
                0x000035cc       0x28 c:/freescale/kds_3.0.0/toolchain/bin/../lib/gcc/arm-none-eabi/4.8.4/../../../../arm-none-eabi/lib/armv6-m\libg_s.a(lib_a-writer.o)
                0x000035cc                _write_r
 .text._close_r
                0x000035f4       0x24 c:/freescale/kds_3.0.0/toolchain/bin/../lib/gcc/arm-none-eabi/4.8.4/../../../../arm-none-eabi/lib/armv6-m\libg_s.a(lib_a-closer.o)
                0x000035f4                _close_r
 .text._fstat_r
                0x00003618       0x24 c:/freescale/kds_3.0.0/toolchain/bin/../lib/gcc/arm-none-eabi/4.8.4/../../../../arm-none-eabi/lib/armv6-m\libg_s.a(lib_a-fstatr.o)
                0x00003618                _fstat_r
 .text._isatty_r
                0x0000363c       0x24 c:/freescale/kds_3.0.0/toolchain/bin/../lib/gcc/arm-none-eabi/4.8.4/../../../../arm-none-eabi/lib/armv6-m\libg_s.a(lib_a-isattyr.o)
                0x0000363c                _isatty_r
 .text._lseek_r
                0x00003660       0x28 c:/freescale/kds_3.0.0/toolchain/bin/../lib/gcc/arm-none-eabi/4.8.4/../../../../arm-none-eabi/lib/armv6-m\libg_s.a(lib_a-lseekr.o)
                0x00003660                _lseek_r
 .text._read_r  0x00003688       0x28 c:/freescale/kds_3.0.0/toolchain/bin/../lib/gcc/arm-none-eabi/4.8.4/../../../../arm-none-eabi/lib/armv6-m\libg_s.a(lib_a-readr.o)
                0x00003688                _read_r
 .text._close   0x000036b0       0x10 c:/freescale/kds_3.0.0/toolchain/bin/../lib/gcc/arm-none-eabi/4.8.4/../../../../arm-none-eabi/lib/armv6-m\libnosys.a(close.o)
                0x000036b0                _close
 .text._fstat   0x000036c0       0x10 c:/freescale/kds_3.0.0/toolchain/bin/../lib/gcc/arm-none-eabi/4.8.4/../../../../arm-none-eabi/lib/armv6-m\libnosys.a(fstat.o)
                0x000036c0                _fstat
 .text._getpid  0x000036d0       0x10 c:/freescale/kds_3.0.0/toolchain/bin/../lib/gcc/arm-none-eabi/4.8.4/../../../../arm-none-eabi/lib/armv6-m\libnosys.a(getpid.o)
                0x000036d0                _getpid
 .text._isatty  0x000036e0       0x10 c:/freescale/kds_3.0.0/toolchain/bin/../lib/gcc/arm-none-eabi/4.8.4/../../../../arm-none-eabi/lib/armv6-m\libnosys.a(isatty.o)
                0x000036e0                _isatty
 .text._kill    0x000036f0       0x10 c:/freescale/kds_3.0.0/toolchain/bin/../lib/gcc/arm-none-eabi/4.8.4/../../../../arm-none-eabi/lib/armv6-m\libnosys.a(kill.o)
                0x000036f0                _kill
 .text._lseek   0x00003700       0x10 c:/freescale/kds_3.0.0/toolchain/bin/../lib/gcc/arm-none-eabi/4.8.4/../../../../arm-none-eabi/lib/armv6-m\libnosys.a(lseek.o)
                0x00003700                _lseek
 .text._read    0x00003710       0x10 c:/freescale/kds_3.0.0/toolchain/bin/../lib/gcc/arm-none-eabi/4.8.4/../../../../arm-none-eabi/lib/armv6-m\libnosys.a(read.o)
                0x00003710                _read
 .text._sbrk    0x00003720       0x34 c:/freescale/kds_3.0.0/toolchain/bin/../lib/gcc/arm-none-eabi/4.8.4/../../../../arm-none-eabi/lib/armv6-m\libnosys.a(sbrk.o)
                0x00003720                _sbrk
 .text._write   0x00003754       0x10 c:/freescale/kds_3.0.0/toolchain/bin/../lib/gcc/arm-none-eabi/4.8.4/../../../../arm-none-eabi/lib/armv6-m\libnosys.a(write.o)
                0x00003754                _write
 .text._exit    0x00003764        0x4 c:/freescale/kds_3.0.0/toolchain/bin/../lib/gcc/arm-none-eabi/4.8.4/../../../../arm-none-eabi/lib/armv6-m\libnosys.a(_exit.o)
                0x00003764                _exit
 *(.rodata)
 .rodata        0x00003768        0x8 ./SDK/rtos/FreeRTOS/src/tasks.o
 .rodata        0x00003770        0x8 ./SDK/rtos/FreeRTOS/src/timers.o
 .rodata        0x00003778        0x8 ./Generated_Code/Task1.o
 .rodata        0x00003780       0x6c ./Generated_Code/pin_init.o
 *(.rodata*)
 .rodata.prvProcessReceivedCommands
                0x000037ec       0x28 ./SDK/rtos/FreeRTOS/src/timers.o
 .rodata.__func__.5089
                0x00003814       0x14 ./Generated_Code/pin_init.o
 .rodata.str1.1
                0x00003828       0x3c c:/freescale/kds_3.0.0/toolchain/bin/../lib/gcc/arm-none-eabi/4.8.4/../../../../arm-none-eabi/lib/armv6-m\libg_s.a(lib_a-assert.o)
                                 0x3d (size before relaxing)
 .rodata.str1.1
                0x00003864        0x2 c:/freescale/kds_3.0.0/toolchain/bin/../lib/gcc/arm-none-eabi/4.8.4/../../../../arm-none-eabi/lib/armv6-m\libg_s.a(lib_a-impure.o)
 *fill*         0x00003866        0x2 
 .rodata._global_impure_ptr
                0x00003868        0x4 c:/freescale/kds_3.0.0/toolchain/bin/../lib/gcc/arm-none-eabi/4.8.4/../../../../arm-none-eabi/lib/armv6-m\libg_s.a(lib_a-impure.o)
                0x00003868                _global_impure_ptr
 .rodata.str1.1
                0x0000386c       0x11 c:/freescale/kds_3.0.0/toolchain/bin/../lib/gcc/arm-none-eabi/4.8.4/../../../../arm-none-eabi/lib/armv6-m\libg_s.a(lib_a-vfprintf.o)
 .rodata.str1.1
                0x0000387d       0x22 c:/freescale/kds_3.0.0/toolchain/bin/../lib/gcc/arm-none-eabi/4.8.4/../../../../arm-none-eabi/lib/armv6-m\libg_s.a(lib_a-vfprintf_i.o)
 *fill*         0x0000389f        0x1 
 .rodata.__sf_fake_stdin
                0x000038a0       0x20 c:/freescale/kds_3.0.0/toolchain/bin/../lib/gcc/arm-none-eabi/4.8.4/../../../../arm-none-eabi/lib/armv6-m\libg_s.a(lib_a-findfp.o)
                0x000038a0                __sf_fake_stdin
 .rodata.__sf_fake_stdout
                0x000038c0       0x20 c:/freescale/kds_3.0.0/toolchain/bin/../lib/gcc/arm-none-eabi/4.8.4/../../../../arm-none-eabi/lib/armv6-m\libg_s.a(lib_a-findfp.o)
                0x000038c0                __sf_fake_stdout
 .rodata.__sf_fake_stderr
                0x000038e0       0x20 c:/freescale/kds_3.0.0/toolchain/bin/../lib/gcc/arm-none-eabi/4.8.4/../../../../arm-none-eabi/lib/armv6-m\libg_s.a(lib_a-findfp.o)
                0x000038e0                __sf_fake_stderr
 *(.glue_7)
 .glue_7        0x00000000        0x0 linker stubs
 *(.glue_7t)
 .glue_7t       0x00000000        0x0 linker stubs
 *(.eh_frame)
 .eh_frame      0x00003900        0x0 c:/freescale/kds_3.0.0/toolchain/bin/../lib/gcc/arm-none-eabi/4.8.4/armv6-m/crtbegin.o
 *(.init)
 .init          0x00003900        0x4 c:/freescale/kds_3.0.0/toolchain/bin/../lib/gcc/arm-none-eabi/4.8.4/armv6-m/crti.o
                0x00003900                _init
 .init          0x00003904        0x8 c:/freescale/kds_3.0.0/toolchain/bin/../lib/gcc/arm-none-eabi/4.8.4/armv6-m/crtn.o
 *(.fini)
 .fini          0x0000390c        0x4 c:/freescale/kds_3.0.0/toolchain/bin/../lib/gcc/arm-none-eabi/4.8.4/armv6-m/crti.o
                0x0000390c                _fini
 .fini          0x00003910        0x8 c:/freescale/kds_3.0.0/toolchain/bin/../lib/gcc/arm-none-eabi/4.8.4/armv6-m/crtn.o
                0x00003918                . = ALIGN (0x4)

.vfp11_veneer   0x00003918        0x0
 .vfp11_veneer  0x00000000        0x0 linker stubs

.v4_bx          0x00003918        0x0
 .v4_bx         0x00000000        0x0 linker stubs

.iplt           0x00003918        0x0
 .iplt          0x00000000        0x0 c:/freescale/kds_3.0.0/toolchain/bin/../lib/gcc/arm-none-eabi/4.8.4/armv6-m/crtbegin.o

.ARM.extab
 *(.ARM.extab* .gnu.linkonce.armextab.*)

.ARM            0x00003918        0x8
                0x00003918                __exidx_start = .
 *(.ARM.exidx*)
 .ARM.exidx     0x00003918        0x8 c:/freescale/kds_3.0.0/toolchain/bin/../lib/gcc/arm-none-eabi/4.8.4/../../../../arm-none-eabi/lib/armv6-m/crt0.o
                0x00003920                __exidx_end = .

.rel.dyn        0x00003920        0x0
 .rel.iplt      0x00000000        0x0 c:/freescale/kds_3.0.0/toolchain/bin/../lib/gcc/arm-none-eabi/4.8.4/armv6-m/crtbegin.o

.ctors          0x00003920        0x0
                0x00003920                __CTOR_LIST__ = .
 *crtbegin.o(.ctors)
 *crtbegin?.o(.ctors)
 *(EXCLUDE_FILE(*crtend.o *crtend?.o) .ctors)
 *(SORT(.ctors.*))
 *(.ctors)
                0x00003920                __CTOR_END__ = .

.dtors          0x00003920        0x0
                0x00003920                __DTOR_LIST__ = .
 *crtbegin.o(.dtors)
 *crtbegin?.o(.dtors)
 *(EXCLUDE_FILE(*crtend.o *crtend?.o) .dtors)
 *(SORT(.dtors.*))
 *(.dtors)
                0x00003920                __DTOR_END__ = .

.preinit_array  0x00003920        0x0
                0x00003920                PROVIDE (__preinit_array_start, .)
 *(.preinit_array*)
                0x00003920                PROVIDE (__preinit_array_end, .)

.init_array     0x00003920        0x4
                0x00003920                PROVIDE (__init_array_start, .)
 *(SORT(.init_array.*))
 *(.init_array*)
 .init_array    0x00003920        0x4 c:/freescale/kds_3.0.0/toolchain/bin/../lib/gcc/arm-none-eabi/4.8.4/armv6-m/crtbegin.o
                0x00003924                PROVIDE (__init_array_end, .)

.fini_array     0x00003924        0x4
                0x00003924                PROVIDE (__fini_array_start, .)
 *(SORT(.fini_array.*))
 *(.fini_array*)
 .fini_array    0x00003924        0x4 c:/freescale/kds_3.0.0/toolchain/bin/../lib/gcc/arm-none-eabi/4.8.4/armv6-m/crtbegin.o
                0x00003928                PROVIDE (__fini_array_end, .)
                0x00003928                __etext = .
                0x00003928                __DATA_ROM = .

.mtb            0x1ffff200        0x0
                0x1ffff200                . = ALIGN (0x8)
                0x1ffff200                _mtb_start = .
 *(.mtb_buf)
                0x1ffff200                . = ALIGN (0x8)
                0x1ffff200                _mtb_end = .

.data           0x1ffff200       0x70 load address 0x00003928
                0x1ffff200                . = ALIGN (0x4)
                0x1ffff200                __DATA_RAM = .
                0x1ffff200                __data_start__ = .
 *(.data)
 *(.data*)
 .data.xNextTaskUnblockTime
                0x1ffff200        0x4 ./SDK/rtos/FreeRTOS/src/tasks.o
 .data.uxCriticalNesting
                0x1ffff204        0x4 ./SDK/rtos/FreeRTOS/port/gcc/port.o
 .data.impure_data
                0x1ffff208       0x60 c:/freescale/kds_3.0.0/toolchain/bin/../lib/gcc/arm-none-eabi/4.8.4/../../../../arm-none-eabi/lib/armv6-m\libg_s.a(lib_a-impure.o)
 .data._impure_ptr
                0x1ffff268        0x4 c:/freescale/kds_3.0.0/toolchain/bin/../lib/gcc/arm-none-eabi/4.8.4/../../../../arm-none-eabi/lib/armv6-m\libg_s.a(lib_a-impure.o)
                0x1ffff268                _impure_ptr
 *(.jcr*)
 .jcr           0x1ffff26c        0x0 c:/freescale/kds_3.0.0/toolchain/bin/../lib/gcc/arm-none-eabi/4.8.4/armv6-m/crtbegin.o
 .jcr           0x1ffff26c        0x4 c:/freescale/kds_3.0.0/toolchain/bin/../lib/gcc/arm-none-eabi/4.8.4/armv6-m/crtend.o
                0x1ffff270                . = ALIGN (0x4)
                0x1ffff270                __data_end__ = .
                0x00003998                __DATA_END = (__DATA_ROM + (__data_end__ - __data_start__))
                0x00003998                __m_interrupts_ram_ROMStart = (__DATA_ROM + SIZEOF (.data))

.igot.plt       0x1ffff270        0x0 load address 0x00003998
 .igot.plt      0x00000000        0x0 c:/freescale/kds_3.0.0/toolchain/bin/../lib/gcc/arm-none-eabi/4.8.4/armv6-m/crtbegin.o

.m_interrupts_ram
                0x1ffff000      0x200 load address 0x00003998
                0x1ffff000                . = ALIGN (0x4)
                0x1ffff000                __m_interrupts_ram_RAMStart = .
 *(.m_interrupts_ram)
                0x1ffff200                . = (. + 0x200)
 *fill*         0x1ffff000      0x200 
                0x1ffff200                __m_interrupts_ram_RAMEnd = .
                0x1ffff200                . = ALIGN (0x4)
                0x00000200                __m_interrupts_ram_ROMSize = (__m_interrupts_ram_RAMEnd - __m_interrupts_ram_RAMStart)
                0x00000200                __RAM_VECTOR_TABLE_SIZE_BYTES = (__m_interrupts_ram_RAMEnd - __m_interrupts_ram_RAMStart)

.bss            0x1ffff270      0x60c load address 0x00003998
                0x1ffff270                . = ALIGN (0x4)
                0x1ffff270                __START_BSS = .
                0x1ffff270                __bss_start__ = .
 *(.bss)
 .bss           0x1ffff270       0x1c c:/freescale/kds_3.0.0/toolchain/bin/../lib/gcc/arm-none-eabi/4.8.4/armv6-m/crtbegin.o
 *(.bss*)
 .bss.pxCurrentTCB
                0x1ffff28c        0x4 ./SDK/rtos/FreeRTOS/src/tasks.o
                0x1ffff28c                pxCurrentTCB
 .bss.pxReadyTasksLists
                0x1ffff290      0x500 ./SDK/rtos/FreeRTOS/src/tasks.o
 .bss.xDelayedTaskList1
                0x1ffff790       0x14 ./SDK/rtos/FreeRTOS/src/tasks.o
 .bss.xDelayedTaskList2
                0x1ffff7a4       0x14 ./SDK/rtos/FreeRTOS/src/tasks.o
 .bss.pxDelayedTaskList
                0x1ffff7b8        0x4 ./SDK/rtos/FreeRTOS/src/tasks.o
 .bss.pxOverflowDelayedTaskList
                0x1ffff7bc        0x4 ./SDK/rtos/FreeRTOS/src/tasks.o
 .bss.xPendingReadyList
                0x1ffff7c0       0x14 ./SDK/rtos/FreeRTOS/src/tasks.o
 .bss.xTasksWaitingTermination
                0x1ffff7d4       0x14 ./SDK/rtos/FreeRTOS/src/tasks.o
 .bss.uxTasksDeleted
                0x1ffff7e8        0x4 ./SDK/rtos/FreeRTOS/src/tasks.o
 .bss.xSuspendedTaskList
                0x1ffff7ec       0x14 ./SDK/rtos/FreeRTOS/src/tasks.o
 .bss.uxCurrentNumberOfTasks
                0x1ffff800        0x4 ./SDK/rtos/FreeRTOS/src/tasks.o
 .bss.xTickCount
                0x1ffff804        0x4 ./SDK/rtos/FreeRTOS/src/tasks.o
 .bss.uxTopReadyPriority
                0x1ffff808        0x4 ./SDK/rtos/FreeRTOS/src/tasks.o
 .bss.xSchedulerRunning
                0x1ffff80c        0x4 ./SDK/rtos/FreeRTOS/src/tasks.o
 .bss.uxPendedTicks
                0x1ffff810        0x4 ./SDK/rtos/FreeRTOS/src/tasks.o
 .bss.xYieldPending
                0x1ffff814        0x4 ./SDK/rtos/FreeRTOS/src/tasks.o
 .bss.xNumOfOverflows
                0x1ffff818        0x4 ./SDK/rtos/FreeRTOS/src/tasks.o
 .bss.uxTaskNumber
                0x1ffff81c        0x4 ./SDK/rtos/FreeRTOS/src/tasks.o
 .bss.uxSchedulerSuspended
                0x1ffff820        0x4 ./SDK/rtos/FreeRTOS/src/tasks.o
 .bss.xActiveTimerList1
                0x1ffff824       0x14 ./SDK/rtos/FreeRTOS/src/timers.o
 .bss.xActiveTimerList2
                0x1ffff838       0x14 ./SDK/rtos/FreeRTOS/src/timers.o
 .bss.pxCurrentTimerList
                0x1ffff84c        0x4 ./SDK/rtos/FreeRTOS/src/timers.o
 .bss.pxOverflowTimerList
                0x1ffff850        0x4 ./SDK/rtos/FreeRTOS/src/timers.o
 .bss.xTimerQueue
                0x1ffff854        0x4 ./SDK/rtos/FreeRTOS/src/timers.o
 .bss.xLastTime.4816
                0x1ffff858        0x4 ./SDK/rtos/FreeRTOS/src/timers.o
 .bss.Task1_stack
                0x1ffff85c        0x4 ./Generated_Code/Task1.o
                0x1ffff85c                Task1_stack
 .bss.__malloc_sbrk_start
                0x1ffff860        0x4 c:/freescale/kds_3.0.0/toolchain/bin/../lib/gcc/arm-none-eabi/4.8.4/../../../../arm-none-eabi/lib/armv6-m\libg_s.a(lib_a-nano-mallocr.o)
                0x1ffff860                __malloc_sbrk_start
 .bss.__malloc_free_list
                0x1ffff864        0x4 c:/freescale/kds_3.0.0/toolchain/bin/../lib/gcc/arm-none-eabi/4.8.4/../../../../arm-none-eabi/lib/armv6-m\libg_s.a(lib_a-nano-mallocr.o)
                0x1ffff864                __malloc_free_list
 .bss.heap_end.4246
                0x1ffff868        0x4 c:/freescale/kds_3.0.0/toolchain/bin/../lib/gcc/arm-none-eabi/4.8.4/../../../../arm-none-eabi/lib/armv6-m\libnosys.a(sbrk.o)
 *(COMMON)
 COMMON         0x1ffff86c        0x8 ./SDK/platform/hal/src/mcg/fsl_mcg_hal.o
                0x1ffff86c                g_xtal0ClkFreq
                0x1ffff870                g_xtalRtcClkFreq
 COMMON         0x1ffff874        0x4 ./Generated_Code/Task1.o
                0x1ffff874                Task1_task_handler
 COMMON         0x1ffff878        0x4 c:/freescale/kds_3.0.0/toolchain/bin/../lib/gcc/arm-none-eabi/4.8.4/../../../../arm-none-eabi/lib/armv6-m\libg_s.a(lib_a-reent.o)
                0x1ffff878                errno
                0x1ffff87c                . = ALIGN (0x4)
                0x1ffff87c                __bss_end__ = .
                0x1ffff87c                __END_BSS = .

.heap           0x1ffff87c        0x4 load address 0x00003fa4
                0x1ffff880                . = ALIGN (0x8)
 *fill*         0x1ffff87c        0x4 
                0x1ffff880                __end__ = .
                0x1ffff880                PROVIDE (end, .)
                0x1ffff880                __HeapBase = .
                0x1ffff880                . = (. + HEAP_SIZE)
                0x1ffff880                __HeapLimit = .

.stack          0x1ffff880      0x400 load address 0x00003fa8
                0x1ffff880                . = ALIGN (0x8)
                0x1ffffc80                . = (. + STACK_SIZE)
 *fill*         0x1ffff880      0x400 
                0x20003000                __StackTop = (ORIGIN (m_data) + 0x3e00)
                0x20002c00                __StackLimit = (__StackTop - STACK_SIZE)
                0x20003000                PROVIDE (__stack, __StackTop)

.ARM.attributes
                0x00000000       0x28
 *(.ARM.attributes)
 .ARM.attributes
                0x00000000       0x1e c:/freescale/kds_3.0.0/toolchain/bin/../lib/gcc/arm-none-eabi/4.8.4/armv6-m/crti.o
 .ARM.attributes
                0x0000001e       0x2c c:/freescale/kds_3.0.0/toolchain/bin/../lib/gcc/arm-none-eabi/4.8.4/armv6-m/crtbegin.o
 .ARM.attributes
                0x0000004a       0x1b c:/freescale/kds_3.0.0/toolchain/bin/../lib/gcc/arm-none-eabi/4.8.4/../../../../arm-none-eabi/lib/armv6-m/crt0.o
 .ARM.attributes
                0x00000065       0x32 ./Static_Code/System/PE_low_level_init.o
 .ARM.attributes
                0x00000097       0x32 ./Sources/main.o
 .ARM.attributes
                0x000000c9       0x32 ./Sources/os_tasks.o
 .ARM.attributes
                0x000000fb       0x32 ./SDK/rtos/FreeRTOS/src/heap_3.o
 .ARM.attributes
                0x0000012d       0x32 ./SDK/rtos/FreeRTOS/src/list.o
 .ARM.attributes
                0x0000015f       0x32 ./SDK/rtos/FreeRTOS/src/queue.o
 .ARM.attributes
                0x00000191       0x32 ./SDK/rtos/FreeRTOS/src/tasks.o
 .ARM.attributes
                0x000001c3       0x32 ./SDK/rtos/FreeRTOS/src/timers.o
 .ARM.attributes
                0x000001f5       0x32 ./SDK/rtos/FreeRTOS/port/gcc/port.o
 .ARM.attributes
                0x00000227       0x32 ./SDK/platform/osa/src/fsl_os_abstraction_free_rtos.o
 .ARM.attributes
                0x00000259       0x32 ./SDK/platform/hal/src/mcg/fsl_mcg_hal.o
 .ARM.attributes
                0x0000028b       0x1b ./SDK/platform/devices/MKL25Z4/startup/gcc/startup_MKL25Z4.o
 .ARM.attributes
                0x000002a6       0x32 ./SDK/platform/devices/MKL25Z4/startup/system_MKL25Z4.o
 .ARM.attributes
                0x000002d8       0x32 ./SDK/platform/devices/startup.o
 .ARM.attributes
                0x0000030a       0x32 ./Generated_Code/Cpu.o
 .ARM.attributes
                0x0000033c       0x32 ./Generated_Code/Task1.o
 .ARM.attributes
                0x0000036e       0x32 ./Generated_Code/hardware_init.o
 .ARM.attributes
                0x000003a0       0x32 ./Generated_Code/pin_init.o
 .ARM.attributes
                0x000003d2       0x1e c:/freescale/kds_3.0.0/toolchain/bin/../lib/gcc/arm-none-eabi/4.8.4/armv6-m\libgcc.a(_udivsi3.o)
 .ARM.attributes
                0x000003f0       0x1e c:/freescale/kds_3.0.0/toolchain/bin/../lib/gcc/arm-none-eabi/4.8.4/armv6-m\libgcc.a(_dvmd_tls.o)
 .ARM.attributes
                0x0000040e       0x2c c:/freescale/kds_3.0.0/toolchain/bin/../lib/gcc/arm-none-eabi/4.8.4/../../../../arm-none-eabi/lib/armv6-m\libg_s.a(lib_a-assert.o)
 .ARM.attributes
                0x0000043a       0x2c c:/freescale/kds_3.0.0/toolchain/bin/../lib/gcc/arm-none-eabi/4.8.4/../../../../arm-none-eabi/lib/armv6-m\libg_s.a(lib_a-exit.o)
 .ARM.attributes
                0x00000466       0x2c c:/freescale/kds_3.0.0/toolchain/bin/../lib/gcc/arm-none-eabi/4.8.4/../../../../arm-none-eabi/lib/armv6-m\libg_s.a(lib_a-fprintf.o)
 .ARM.attributes
                0x00000492       0x2c c:/freescale/kds_3.0.0/toolchain/bin/../lib/gcc/arm-none-eabi/4.8.4/../../../../arm-none-eabi/lib/armv6-m\libg_s.a(lib_a-impure.o)
 .ARM.attributes
                0x000004be       0x2c c:/freescale/kds_3.0.0/toolchain/bin/../lib/gcc/arm-none-eabi/4.8.4/../../../../arm-none-eabi/lib/armv6-m\libg_s.a(lib_a-init.o)
 .ARM.attributes
                0x000004ea       0x2c c:/freescale/kds_3.0.0/toolchain/bin/../lib/gcc/arm-none-eabi/4.8.4/../../../../arm-none-eabi/lib/armv6-m\libg_s.a(lib_a-malloc.o)
 .ARM.attributes
                0x00000516       0x2c c:/freescale/kds_3.0.0/toolchain/bin/../lib/gcc/arm-none-eabi/4.8.4/../../../../arm-none-eabi/lib/armv6-m\libg_s.a(lib_a-memcpy-stub.o)
 .ARM.attributes
                0x00000542       0x2c c:/freescale/kds_3.0.0/toolchain/bin/../lib/gcc/arm-none-eabi/4.8.4/../../../../arm-none-eabi/lib/armv6-m\libg_s.a(lib_a-memset.o)
 .ARM.attributes
                0x0000056e       0x2c c:/freescale/kds_3.0.0/toolchain/bin/../lib/gcc/arm-none-eabi/4.8.4/../../../../arm-none-eabi/lib/armv6-m\libg_s.a(lib_a-nano-freer.o)
 .ARM.attributes
                0x0000059a       0x2c c:/freescale/kds_3.0.0/toolchain/bin/../lib/gcc/arm-none-eabi/4.8.4/../../../../arm-none-eabi/lib/armv6-m\libg_s.a(lib_a-nano-mallocr.o)
 .ARM.attributes
                0x000005c6       0x2c c:/freescale/kds_3.0.0/toolchain/bin/../lib/gcc/arm-none-eabi/4.8.4/../../../../arm-none-eabi/lib/armv6-m\libg_s.a(lib_a-sbrkr.o)
 .ARM.attributes
                0x000005f2       0x2c c:/freescale/kds_3.0.0/toolchain/bin/../lib/gcc/arm-none-eabi/4.8.4/../../../../arm-none-eabi/lib/armv6-m\libg_s.a(lib_a-vfprintf.o)
 .ARM.attributes
                0x0000061e       0x2c c:/freescale/kds_3.0.0/toolchain/bin/../lib/gcc/arm-none-eabi/4.8.4/../../../../arm-none-eabi/lib/armv6-m\libg_s.a(lib_a-vfprintf_i.o)
 .ARM.attributes
                0x0000064a       0x2c c:/freescale/kds_3.0.0/toolchain/bin/../lib/gcc/arm-none-eabi/4.8.4/../../../../arm-none-eabi/lib/armv6-m\libg_s.a(lib_a-wbuf.o)
 .ARM.attributes
                0x00000676       0x2c c:/freescale/kds_3.0.0/toolchain/bin/../lib/gcc/arm-none-eabi/4.8.4/../../../../arm-none-eabi/lib/armv6-m\libg_s.a(lib_a-wsetup.o)
 .ARM.attributes
                0x000006a2       0x2c c:/freescale/kds_3.0.0/toolchain/bin/../lib/gcc/arm-none-eabi/4.8.4/../../../../arm-none-eabi/lib/armv6-m\libg_s.a(lib_a-abort.o)
 .ARM.attributes
                0x000006ce       0x2c c:/freescale/kds_3.0.0/toolchain/bin/../lib/gcc/arm-none-eabi/4.8.4/../../../../arm-none-eabi/lib/armv6-m\libg_s.a(lib_a-fflush.o)
 .ARM.attributes
                0x000006fa       0x2c c:/freescale/kds_3.0.0/toolchain/bin/../lib/gcc/arm-none-eabi/4.8.4/../../../../arm-none-eabi/lib/armv6-m\libg_s.a(lib_a-findfp.o)
 .ARM.attributes
                0x00000726       0x2c c:/freescale/kds_3.0.0/toolchain/bin/../lib/gcc/arm-none-eabi/4.8.4/../../../../arm-none-eabi/lib/armv6-m\libg_s.a(lib_a-makebuf.o)
 .ARM.attributes
                0x00000752       0x2c c:/freescale/kds_3.0.0/toolchain/bin/../lib/gcc/arm-none-eabi/4.8.4/../../../../arm-none-eabi/lib/armv6-m\libg_s.a(lib_a-memchr-stub.o)
 .ARM.attributes
                0x0000077e       0x2c c:/freescale/kds_3.0.0/toolchain/bin/../lib/gcc/arm-none-eabi/4.8.4/../../../../arm-none-eabi/lib/armv6-m\libg_s.a(lib_a-reent.o)
 .ARM.attributes
                0x000007aa       0x2c c:/freescale/kds_3.0.0/toolchain/bin/../lib/gcc/arm-none-eabi/4.8.4/../../../../arm-none-eabi/lib/armv6-m\libg_s.a(lib_a-signal.o)
 .ARM.attributes
                0x000007d6       0x2c c:/freescale/kds_3.0.0/toolchain/bin/../lib/gcc/arm-none-eabi/4.8.4/../../../../arm-none-eabi/lib/armv6-m\libg_s.a(lib_a-signalr.o)
 .ARM.attributes
                0x00000802       0x2c c:/freescale/kds_3.0.0/toolchain/bin/../lib/gcc/arm-none-eabi/4.8.4/../../../../arm-none-eabi/lib/armv6-m\libg_s.a(lib_a-stdio.o)
 .ARM.attributes
                0x0000082e       0x2c c:/freescale/kds_3.0.0/toolchain/bin/../lib/gcc/arm-none-eabi/4.8.4/../../../../arm-none-eabi/lib/armv6-m\libg_s.a(lib_a-strlen.o)
 .ARM.attributes
                0x0000085a       0x2c c:/freescale/kds_3.0.0/toolchain/bin/../lib/gcc/arm-none-eabi/4.8.4/../../../../arm-none-eabi/lib/armv6-m\libg_s.a(lib_a-writer.o)
 .ARM.attributes
                0x00000886       0x2c c:/freescale/kds_3.0.0/toolchain/bin/../lib/gcc/arm-none-eabi/4.8.4/../../../../arm-none-eabi/lib/armv6-m\libg_s.a(lib_a-closer.o)
 .ARM.attributes
                0x000008b2       0x2c c:/freescale/kds_3.0.0/toolchain/bin/../lib/gcc/arm-none-eabi/4.8.4/../../../../arm-none-eabi/lib/armv6-m\libg_s.a(lib_a-fstatr.o)
 .ARM.attributes
                0x000008de       0x2c c:/freescale/kds_3.0.0/toolchain/bin/../lib/gcc/arm-none-eabi/4.8.4/../../../../arm-none-eabi/lib/armv6-m\libg_s.a(lib_a-isattyr.o)
 .ARM.attributes
                0x0000090a       0x2c c:/freescale/kds_3.0.0/toolchain/bin/../lib/gcc/arm-none-eabi/4.8.4/../../../../arm-none-eabi/lib/armv6-m\libg_s.a(lib_a-lseekr.o)
 .ARM.attributes
                0x00000936       0x2c c:/freescale/kds_3.0.0/toolchain/bin/../lib/gcc/arm-none-eabi/4.8.4/../../../../arm-none-eabi/lib/armv6-m\libg_s.a(lib_a-readr.o)
 .ARM.attributes
                0x00000962       0x2c c:/freescale/kds_3.0.0/toolchain/bin/../lib/gcc/arm-none-eabi/4.8.4/../../../../arm-none-eabi/lib/armv6-m\libnosys.a(close.o)
 .ARM.attributes
                0x0000098e       0x2c c:/freescale/kds_3.0.0/toolchain/bin/../lib/gcc/arm-none-eabi/4.8.4/../../../../arm-none-eabi/lib/armv6-m\libnosys.a(fstat.o)
 .ARM.attributes
                0x000009ba       0x2c c:/freescale/kds_3.0.0/toolchain/bin/../lib/gcc/arm-none-eabi/4.8.4/../../../../arm-none-eabi/lib/armv6-m\libnosys.a(getpid.o)
 .ARM.attributes
                0x000009e6       0x2c c:/freescale/kds_3.0.0/toolchain/bin/../lib/gcc/arm-none-eabi/4.8.4/../../../../arm-none-eabi/lib/armv6-m\libnosys.a(isatty.o)
 .ARM.attributes
                0x00000a12       0x2c c:/freescale/kds_3.0.0/toolchain/bin/../lib/gcc/arm-none-eabi/4.8.4/../../../../arm-none-eabi/lib/armv6-m\libnosys.a(kill.o)
 .ARM.attributes
                0x00000a3e       0x2c c:/freescale/kds_3.0.0/toolchain/bin/../lib/gcc/arm-none-eabi/4.8.4/../../../../arm-none-eabi/lib/armv6-m\libnosys.a(lseek.o)
 .ARM.attributes
                0x00000a6a       0x2c c:/freescale/kds_3.0.0/toolchain/bin/../lib/gcc/arm-none-eabi/4.8.4/../../../../arm-none-eabi/lib/armv6-m\libnosys.a(read.o)
 .ARM.attributes
                0x00000a96       0x2c c:/freescale/kds_3.0.0/toolchain/bin/../lib/gcc/arm-none-eabi/4.8.4/../../../../arm-none-eabi/lib/armv6-m\libnosys.a(sbrk.o)
 .ARM.attributes
                0x00000ac2       0x2c c:/freescale/kds_3.0.0/toolchain/bin/../lib/gcc/arm-none-eabi/4.8.4/../../../../arm-none-eabi/lib/armv6-m\libnosys.a(write.o)
 .ARM.attributes
                0x00000aee       0x2c c:/freescale/kds_3.0.0/toolchain/bin/../lib/gcc/arm-none-eabi/4.8.4/../../../../arm-none-eabi/lib/armv6-m\libnosys.a(_exit.o)
 .ARM.attributes
                0x00000b1a       0x2c c:/freescale/kds_3.0.0/toolchain/bin/../lib/gcc/arm-none-eabi/4.8.4/armv6-m/crtend.o
 .ARM.attributes
                0x00000b46       0x1e c:/freescale/kds_3.0.0/toolchain/bin/../lib/gcc/arm-none-eabi/4.8.4/armv6-m/crtn.o
OUTPUT(EEA27-Lab1-FelipeLuanUlisses.elf elf32-littlearm)

.debug_info     0x00000000     0x57b7
 .debug_info    0x00000000       0xf3 ./Static_Code/System/PE_low_level_init.o
 .debug_info    0x000000f3       0xe6 ./Sources/main.o
 .debug_info    0x000001d9      0x102 ./Sources/os_tasks.o
 .debug_info    0x000002db       0xe0 ./SDK/rtos/FreeRTOS/src/heap_3.o
 .debug_info    0x000003bb      0x2a1 ./SDK/rtos/FreeRTOS/src/list.o
 .debug_info    0x0000065c      0xa65 ./SDK/rtos/FreeRTOS/src/queue.o
 .debug_info    0x000010c1      0xf89 ./SDK/rtos/FreeRTOS/src/tasks.o
 .debug_info    0x0000204a      0x92b ./SDK/rtos/FreeRTOS/src/timers.o
 .debug_info    0x00002975      0x1fa ./SDK/rtos/FreeRTOS/port/gcc/port.o
 .debug_info    0x00002b6f      0xdf3 ./SDK/platform/osa/src/fsl_os_abstraction_free_rtos.o
 .debug_info    0x00003962      0xb9f ./SDK/platform/hal/src/mcg/fsl_mcg_hal.o
 .debug_info    0x00004501       0xa8 ./SDK/platform/devices/MKL25Z4/startup/gcc/startup_MKL25Z4.o
 .debug_info    0x000045a9      0x672 ./SDK/platform/devices/MKL25Z4/startup/system_MKL25Z4.o
 .debug_info    0x00004c1b      0x296 ./SDK/platform/devices/startup.o
 .debug_info    0x00004eb1       0xe2 ./Generated_Code/Cpu.o
 .debug_info    0x00004f93      0x182 ./Generated_Code/Task1.o
 .debug_info    0x00005115      0x3cf ./Generated_Code/hardware_init.o
 .debug_info    0x000054e4      0x2d3 ./Generated_Code/pin_init.o

.debug_abbrev   0x00000000     0x12c1
 .debug_abbrev  0x00000000       0x75 ./Static_Code/System/PE_low_level_init.o
 .debug_abbrev  0x00000075       0x77 ./Sources/main.o
 .debug_abbrev  0x000000ec       0x8d ./Sources/os_tasks.o
 .debug_abbrev  0x00000179       0xa2 ./SDK/rtos/FreeRTOS/src/heap_3.o
 .debug_abbrev  0x0000021b       0xc1 ./SDK/rtos/FreeRTOS/src/list.o
 .debug_abbrev  0x000002dc      0x189 ./SDK/rtos/FreeRTOS/src/queue.o
 .debug_abbrev  0x00000465      0x208 ./SDK/rtos/FreeRTOS/src/tasks.o
 .debug_abbrev  0x0000066d      0x194 ./SDK/rtos/FreeRTOS/src/timers.o
 .debug_abbrev  0x00000801       0xed ./SDK/rtos/FreeRTOS/port/gcc/port.o
 .debug_abbrev  0x000008ee      0x221 ./SDK/platform/osa/src/fsl_os_abstraction_free_rtos.o
 .debug_abbrev  0x00000b0f      0x22c ./SDK/platform/hal/src/mcg/fsl_mcg_hal.o
 .debug_abbrev  0x00000d3b       0x14 ./SDK/platform/devices/MKL25Z4/startup/gcc/startup_MKL25Z4.o
 .debug_abbrev  0x00000d4f      0x121 ./SDK/platform/devices/MKL25Z4/startup/system_MKL25Z4.o
 .debug_abbrev  0x00000e70       0xe9 ./SDK/platform/devices/startup.o
 .debug_abbrev  0x00000f59       0x75 ./Generated_Code/Cpu.o
 .debug_abbrev  0x00000fce       0xb0 ./Generated_Code/Task1.o
 .debug_abbrev  0x0000107e      0x10c ./Generated_Code/hardware_init.o
 .debug_abbrev  0x0000118a      0x137 ./Generated_Code/pin_init.o

.debug_aranges  0x00000000      0x768
 .debug_aranges
                0x00000000       0x28 ./Static_Code/System/PE_low_level_init.o
 .debug_aranges
                0x00000028       0x20 ./Sources/main.o
 .debug_aranges
                0x00000048       0x20 ./Sources/os_tasks.o
 .debug_aranges
                0x00000068       0x28 ./SDK/rtos/FreeRTOS/src/heap_3.o
 .debug_aranges
                0x00000090       0x40 ./SDK/rtos/FreeRTOS/src/list.o
 .debug_aranges
                0x000000d0       0xd8 ./SDK/rtos/FreeRTOS/src/queue.o
 .debug_aranges
                0x000001a8      0x168 ./SDK/rtos/FreeRTOS/src/tasks.o
 .debug_aranges
                0x00000310       0x98 ./SDK/rtos/FreeRTOS/src/timers.o
 .debug_aranges
                0x000003a8       0x80 ./SDK/rtos/FreeRTOS/port/gcc/port.o
 .debug_aranges
                0x00000428      0x148 ./SDK/platform/osa/src/fsl_os_abstraction_free_rtos.o
 .debug_aranges
                0x00000570       0xd8 ./SDK/platform/hal/src/mcg/fsl_mcg_hal.o
 .debug_aranges
                0x00000648       0x20 ./SDK/platform/devices/MKL25Z4/startup/gcc/startup_MKL25Z4.o
 .debug_aranges
                0x00000668       0x28 ./SDK/platform/devices/MKL25Z4/startup/system_MKL25Z4.o
 .debug_aranges
                0x00000690       0x20 ./SDK/platform/devices/startup.o
 .debug_aranges
                0x000006b0       0x20 ./Generated_Code/Cpu.o
 .debug_aranges
                0x000006d0       0x20 ./Generated_Code/Task1.o
 .debug_aranges
                0x000006f0       0x28 ./Generated_Code/hardware_init.o
 .debug_aranges
                0x00000718       0x50 ./Generated_Code/pin_init.o

.debug_ranges   0x00000000      0x638
 .debug_ranges  0x00000000       0x18 ./Static_Code/System/PE_low_level_init.o
 .debug_ranges  0x00000018       0x10 ./Sources/main.o
 .debug_ranges  0x00000028       0x10 ./Sources/os_tasks.o
 .debug_ranges  0x00000038       0x18 ./SDK/rtos/FreeRTOS/src/heap_3.o
 .debug_ranges  0x00000050       0x30 ./SDK/rtos/FreeRTOS/src/list.o
 .debug_ranges  0x00000080       0xc8 ./SDK/rtos/FreeRTOS/src/queue.o
 .debug_ranges  0x00000148      0x158 ./SDK/rtos/FreeRTOS/src/tasks.o
 .debug_ranges  0x000002a0       0x88 ./SDK/rtos/FreeRTOS/src/timers.o
 .debug_ranges  0x00000328       0x70 ./SDK/rtos/FreeRTOS/port/gcc/port.o
 .debug_ranges  0x00000398      0x138 ./SDK/platform/osa/src/fsl_os_abstraction_free_rtos.o
 .debug_ranges  0x000004d0       0xc8 ./SDK/platform/hal/src/mcg/fsl_mcg_hal.o
 .debug_ranges  0x00000598       0x18 ./SDK/platform/devices/MKL25Z4/startup/system_MKL25Z4.o
 .debug_ranges  0x000005b0       0x10 ./SDK/platform/devices/startup.o
 .debug_ranges  0x000005c0       0x10 ./Generated_Code/Cpu.o
 .debug_ranges  0x000005d0       0x10 ./Generated_Code/Task1.o
 .debug_ranges  0x000005e0       0x18 ./Generated_Code/hardware_init.o
 .debug_ranges  0x000005f8       0x40 ./Generated_Code/pin_init.o

.debug_macro    0x00000000    0x15139
 .debug_macro   0x00000000      0x354 ./Static_Code/System/PE_low_level_init.o
 .debug_macro   0x00000354      0x80e ./Static_Code/System/PE_low_level_init.o
 .debug_macro   0x00000b62       0x11 ./Static_Code/System/PE_low_level_init.o
 .debug_macro   0x00000b73       0x16 ./Static_Code/System/PE_low_level_init.o
 .debug_macro   0x00000b89       0x16 ./Static_Code/System/PE_low_level_init.o
 .debug_macro   0x00000b9f       0x44 ./Static_Code/System/PE_low_level_init.o
 .debug_macro   0x00000be3      0x209 ./Static_Code/System/PE_low_level_init.o
 .debug_macro   0x00000dec       0x3a ./Static_Code/System/PE_low_level_init.o
 .debug_macro   0x00000e26       0x3a ./Static_Code/System/PE_low_level_init.o
 .debug_macro   0x00000e60       0x1f ./Static_Code/System/PE_low_level_init.o
 .debug_macro   0x00000e7f      0x250 ./Static_Code/System/PE_low_level_init.o
 .debug_macro   0x000010cf       0xc6 ./Static_Code/System/PE_low_level_init.o
 .debug_macro   0x00001195     0x8439 ./Static_Code/System/PE_low_level_init.o
 .debug_macro   0x000095ce       0x58 ./Static_Code/System/PE_low_level_init.o
 .debug_macro   0x00009626       0x35 ./Static_Code/System/PE_low_level_init.o
 .debug_macro   0x0000965b       0xa3 ./Static_Code/System/PE_low_level_init.o
 .debug_macro   0x000096fe       0x16 ./Static_Code/System/PE_low_level_init.o
 .debug_macro   0x00009714      0x10e ./Static_Code/System/PE_low_level_init.o
 .debug_macro   0x00009822       0x7f ./Static_Code/System/PE_low_level_init.o
 .debug_macro   0x000098a1       0x52 ./Static_Code/System/PE_low_level_init.o
 .debug_macro   0x000098f3       0x16 ./Static_Code/System/PE_low_level_init.o
 .debug_macro   0x00009909       0x43 ./Static_Code/System/PE_low_level_init.o
 .debug_macro   0x0000994c      0x180 ./Static_Code/System/PE_low_level_init.o
 .debug_macro   0x00009acc       0x22 ./Static_Code/System/PE_low_level_init.o
 .debug_macro   0x00009aee       0x7c ./Static_Code/System/PE_low_level_init.o
 .debug_macro   0x00009b6a     0x764c ./Static_Code/System/PE_low_level_init.o
 .debug_macro   0x000111b6     0x10b2 ./Static_Code/System/PE_low_level_init.o
 .debug_macro   0x00012268       0x22 ./Static_Code/System/PE_low_level_init.o
 .debug_macro   0x0001228a       0x16 ./Static_Code/System/PE_low_level_init.o
 .debug_macro   0x000122a0       0x10 ./Static_Code/System/PE_low_level_init.o
 .debug_macro   0x000122b0       0x11 ./Static_Code/System/PE_low_level_init.o
 .debug_macro   0x000122c1       0x10 ./Static_Code/System/PE_low_level_init.o
 .debug_macro   0x000122d1       0x10 ./Static_Code/System/PE_low_level_init.o
 .debug_macro   0x000122e1       0x10 ./Static_Code/System/PE_low_level_init.o
 .debug_macro   0x000122f1       0x16 ./Static_Code/System/PE_low_level_init.o
 .debug_macro   0x00012307      0x202 ./Static_Code/System/PE_low_level_init.o
 .debug_macro   0x00012509       0x40 ./Static_Code/System/PE_low_level_init.o
 .debug_macro   0x00012549       0xce ./Static_Code/System/PE_low_level_init.o
 .debug_macro   0x00012617       0x12 ./Static_Code/System/PE_low_level_init.o
 .debug_macro   0x00012629       0x1f ./Static_Code/System/PE_low_level_init.o
 .debug_macro   0x00012648       0x79 ./Static_Code/System/PE_low_level_init.o
 .debug_macro   0x000126c1       0x69 ./Static_Code/System/PE_low_level_init.o
 .debug_macro   0x0001272a      0x2ff ./Static_Code/System/PE_low_level_init.o
 .debug_macro   0x00012a29       0xb0 ./Static_Code/System/PE_low_level_init.o
 .debug_macro   0x00012ad9       0x7e ./Static_Code/System/PE_low_level_init.o
 .debug_macro   0x00012b57       0x97 ./Static_Code/System/PE_low_level_init.o
 .debug_macro   0x00012bee       0x19 ./Static_Code/System/PE_low_level_init.o
 .debug_macro   0x00012c07       0x35 ./Static_Code/System/PE_low_level_init.o
 .debug_macro   0x00012c3c       0x12 ./Static_Code/System/PE_low_level_init.o
 .debug_macro   0x00012c4e       0x22 ./Static_Code/System/PE_low_level_init.o
 .debug_macro   0x00012c70       0x20 ./Static_Code/System/PE_low_level_init.o
 .debug_macro   0x00012c90       0x1c ./Static_Code/System/PE_low_level_init.o
 .debug_macro   0x00012cac      0x344 ./Sources/main.o
 .debug_macro   0x00012ff0      0x344 ./Sources/os_tasks.o
 .debug_macro   0x00013334      0x14f ./SDK/rtos/FreeRTOS/src/heap_3.o
 .debug_macro   0x00013483      0x143 ./SDK/rtos/FreeRTOS/src/list.o
 .debug_macro   0x000135c6      0x1bf ./SDK/rtos/FreeRTOS/src/queue.o
 .debug_macro   0x00013785      0x2a6 ./SDK/rtos/FreeRTOS/src/queue.o
 .debug_macro   0x00013a2b       0x10 ./SDK/rtos/FreeRTOS/src/queue.o
 .debug_macro   0x00013a3b       0x35 ./SDK/rtos/FreeRTOS/src/queue.o
 .debug_macro   0x00013a70      0x1f8 ./SDK/rtos/FreeRTOS/src/tasks.o
 .debug_macro   0x00013c68       0x16 ./SDK/rtos/FreeRTOS/src/tasks.o
 .debug_macro   0x00013c7e      0x167 ./SDK/rtos/FreeRTOS/src/timers.o
 .debug_macro   0x00013de5      0x196 ./SDK/rtos/FreeRTOS/port/gcc/port.o
 .debug_macro   0x00013f7b       0xc8 ./SDK/rtos/FreeRTOS/port/gcc/port.o
 .debug_macro   0x00014043       0x18 ./SDK/rtos/FreeRTOS/port/gcc/port.o
 .debug_macro   0x0001405b       0x46 ./SDK/rtos/FreeRTOS/port/gcc/port.o
 .debug_macro   0x000140a1      0x25b ./SDK/platform/osa/src/fsl_os_abstraction_free_rtos.o
 .debug_macro   0x000142fc      0x174 ./SDK/platform/hal/src/mcg/fsl_mcg_hal.o
 .debug_macro   0x00014470      0x158 ./SDK/platform/devices/MKL25Z4/startup/system_MKL25Z4.o
 .debug_macro   0x000145c8      0x167 ./SDK/platform/devices/startup.o
 .debug_macro   0x0001472f      0x355 ./Generated_Code/Cpu.o
 .debug_macro   0x00014a84       0x19 ./Generated_Code/Cpu.o
 .debug_macro   0x00014a9d      0x346 ./Generated_Code/Task1.o
 .debug_macro   0x00014de3      0x1b1 ./Generated_Code/hardware_init.o
 .debug_macro   0x00014f94      0x1a5 ./Generated_Code/pin_init.o

.debug_line     0x00000000     0x7cdf
 .debug_line    0x00000000      0x9e2 ./Static_Code/System/PE_low_level_init.o
 .debug_line    0x000009e2      0x962 ./Sources/main.o
 .debug_line    0x00001344      0x969 ./Sources/os_tasks.o
 .debug_line    0x00001cad      0x3a2 ./SDK/rtos/FreeRTOS/src/heap_3.o
 .debug_line    0x0000204f      0x3f8 ./SDK/rtos/FreeRTOS/src/list.o
 .debug_line    0x00002447      0x8e8 ./SDK/rtos/FreeRTOS/src/queue.o
 .debug_line    0x00002d2f      0xb9e ./SDK/rtos/FreeRTOS/src/tasks.o
 .debug_line    0x000038cd      0x5b7 ./SDK/rtos/FreeRTOS/src/timers.o
 .debug_line    0x00003e84      0x3cd ./SDK/rtos/FreeRTOS/port/gcc/port.o
 .debug_line    0x00004251      0xb50 ./SDK/platform/osa/src/fsl_os_abstraction_free_rtos.o
 .debug_line    0x00004da1      0x781 ./SDK/platform/hal/src/mcg/fsl_mcg_hal.o
 .debug_line    0x00005522       0x77 ./SDK/platform/devices/MKL25Z4/startup/gcc/startup_MKL25Z4.o
 .debug_line    0x00005599      0x4d5 ./SDK/platform/devices/MKL25Z4/startup/system_MKL25Z4.o
 .debug_line    0x00005a6e      0x3df ./SDK/platform/devices/startup.o
 .debug_line    0x00005e4d      0x9c8 ./Generated_Code/Cpu.o
 .debug_line    0x00006815      0x9ac ./Generated_Code/Task1.o
 .debug_line    0x000071c1      0x561 ./Generated_Code/hardware_init.o
 .debug_line    0x00007722      0x5bd ./Generated_Code/pin_init.o

.debug_str      0x00000000    0xa49ee
 .debug_str     0x00000000    0xa003f ./Static_Code/System/PE_low_level_init.o
                              0xa0531 (size before relaxing)
 .debug_str     0x000a003f       0x25 ./Sources/main.o
                              0xa04e0 (size before relaxing)
 .debug_str     0x000a0064       0x40 ./Sources/os_tasks.o
                              0xa0509 (size before relaxing)
 .debug_str     0x000a00a4       0x97 ./SDK/rtos/FreeRTOS/src/heap_3.o
                               0x6f99 (size before relaxing)
 .debug_str     0x000a013b      0x142 ./SDK/rtos/FreeRTOS/src/list.o
                               0x706e (size before relaxing)
 .debug_str     0x000a027d     0x1556 ./SDK/rtos/FreeRTOS/src/queue.o
                               0x9002 (size before relaxing)
 .debug_str     0x000a17d3      0xd5c ./SDK/rtos/FreeRTOS/src/tasks.o
                               0x94f4 (size before relaxing)
 .debug_str     0x000a252f      0x442 ./SDK/rtos/FreeRTOS/src/timers.o
                               0x86de (size before relaxing)
 .debug_str     0x000a2971      0x94c ./SDK/rtos/FreeRTOS/port/gcc/port.o
                               0x651d (size before relaxing)
 .debug_str     0x000a32bd      0x79f ./SDK/platform/osa/src/fsl_os_abstraction_free_rtos.o
                              0xa1984 (size before relaxing)
 .debug_str     0x000a3a5c      0x8fd ./SDK/platform/hal/src/mcg/fsl_mcg_hal.o
                              0x9c305 (size before relaxing)
 .debug_str     0x000a4359      0x1c3 ./SDK/platform/devices/MKL25Z4/startup/system_MKL25Z4.o
                              0x9bcb7 (size before relaxing)
 .debug_str     0x000a451c      0x126 ./SDK/platform/devices/startup.o
                              0x9ba20 (size before relaxing)
 .debug_str     0x000a4642       0x28 ./Generated_Code/Cpu.o
                              0xa04f1 (size before relaxing)
 .debug_str     0x000a466a       0x44 ./Generated_Code/Task1.o
                              0xa05af (size before relaxing)
 .debug_str     0x000a46ae      0x253 ./Generated_Code/hardware_init.o
                              0x9bd99 (size before relaxing)
 .debug_str     0x000a4901       0xed ./Generated_Code/pin_init.o
                              0x9bb96 (size before relaxing)

.comment        0x00000000       0x70
 .comment       0x00000000       0x70 ./Static_Code/System/PE_low_level_init.o
                                 0x71 (size before relaxing)
 .comment       0x00000000       0x71 ./Sources/main.o
 .comment       0x00000000       0x71 ./Sources/os_tasks.o
 .comment       0x00000000       0x71 ./SDK/rtos/FreeRTOS/src/heap_3.o
 .comment       0x00000000       0x71 ./SDK/rtos/FreeRTOS/src/list.o
 .comment       0x00000000       0x71 ./SDK/rtos/FreeRTOS/src/queue.o
 .comment       0x00000000       0x71 ./SDK/rtos/FreeRTOS/src/tasks.o
 .comment       0x00000000       0x71 ./SDK/rtos/FreeRTOS/src/timers.o
 .comment       0x00000000       0x71 ./SDK/rtos/FreeRTOS/port/gcc/port.o
 .comment       0x00000000       0x71 ./SDK/platform/osa/src/fsl_os_abstraction_free_rtos.o
 .comment       0x00000000       0x71 ./SDK/platform/hal/src/mcg/fsl_mcg_hal.o
 .comment       0x00000000       0x71 ./SDK/platform/devices/MKL25Z4/startup/system_MKL25Z4.o
 .comment       0x00000000       0x71 ./SDK/platform/devices/startup.o
 .comment       0x00000000       0x71 ./Generated_Code/Cpu.o
 .comment       0x00000000       0x71 ./Generated_Code/Task1.o
 .comment       0x00000000       0x71 ./Generated_Code/hardware_init.o
 .comment       0x00000000       0x71 ./Generated_Code/pin_init.o

.debug_frame    0x00000000     0x2158
 .debug_frame   0x00000000       0x48 ./Static_Code/System/PE_low_level_init.o
 .debug_frame   0x00000048       0x2c ./Sources/main.o
 .debug_frame   0x00000074       0x30 ./Sources/os_tasks.o
 .debug_frame   0x000000a4       0x50 ./SDK/rtos/FreeRTOS/src/heap_3.o
 .debug_frame   0x000000f4       0xb0 ./SDK/rtos/FreeRTOS/src/list.o
 .debug_frame   0x000001a4      0x310 ./SDK/rtos/FreeRTOS/src/queue.o
 .debug_frame   0x000004b4      0x540 ./SDK/rtos/FreeRTOS/src/tasks.o
 .debug_frame   0x000009f4      0x20c ./SDK/rtos/FreeRTOS/src/timers.o
 .debug_frame   0x00000c00      0x16c ./SDK/rtos/FreeRTOS/port/gcc/port.o
 .debug_frame   0x00000d6c      0x4c0 ./SDK/platform/osa/src/fsl_os_abstraction_free_rtos.o
 .debug_frame   0x0000122c      0x310 ./SDK/platform/hal/src/mcg/fsl_mcg_hal.o
 .debug_frame   0x0000153c       0x4c ./SDK/platform/devices/MKL25Z4/startup/system_MKL25Z4.o
 .debug_frame   0x00001588       0x30 ./SDK/platform/devices/startup.o
 .debug_frame   0x000015b8       0x2c ./Generated_Code/Cpu.o
 .debug_frame   0x000015e4       0x30 ./Generated_Code/Task1.o
 .debug_frame   0x00001614       0x4c ./Generated_Code/hardware_init.o
 .debug_frame   0x00001660       0xf0 ./Generated_Code/pin_init.o
 .debug_frame   0x00001750       0x20 c:/freescale/kds_3.0.0/toolchain/bin/../lib/gcc/arm-none-eabi/4.8.4/armv6-m\libgcc.a(_udivsi3.o)
 .debug_frame   0x00001770       0x4c c:/freescale/kds_3.0.0/toolchain/bin/../lib/gcc/arm-none-eabi/4.8.4/../../../../arm-none-eabi/lib/armv6-m\libg_s.a(lib_a-assert.o)
 .debug_frame   0x000017bc       0x28 c:/freescale/kds_3.0.0/toolchain/bin/../lib/gcc/arm-none-eabi/4.8.4/../../../../arm-none-eabi/lib/armv6-m\libg_s.a(lib_a-exit.o)
 .debug_frame   0x000017e4       0x4c c:/freescale/kds_3.0.0/toolchain/bin/../lib/gcc/arm-none-eabi/4.8.4/../../../../arm-none-eabi/lib/armv6-m\libg_s.a(lib_a-fprintf.o)
 .debug_frame   0x00001830       0x2c c:/freescale/kds_3.0.0/toolchain/bin/../lib/gcc/arm-none-eabi/4.8.4/../../../../arm-none-eabi/lib/armv6-m\libg_s.a(lib_a-init.o)
 .debug_frame   0x0000185c       0x40 c:/freescale/kds_3.0.0/toolchain/bin/../lib/gcc/arm-none-eabi/4.8.4/../../../../arm-none-eabi/lib/armv6-m\libg_s.a(lib_a-malloc.o)
 .debug_frame   0x0000189c       0x28 c:/freescale/kds_3.0.0/toolchain/bin/../lib/gcc/arm-none-eabi/4.8.4/../../../../arm-none-eabi/lib/armv6-m\libg_s.a(lib_a-memcpy-stub.o)
 .debug_frame   0x000018c4       0x20 c:/freescale/kds_3.0.0/toolchain/bin/../lib/gcc/arm-none-eabi/4.8.4/../../../../arm-none-eabi/lib/armv6-m\libg_s.a(lib_a-memset.o)
 .debug_frame   0x000018e4       0x2c c:/freescale/kds_3.0.0/toolchain/bin/../lib/gcc/arm-none-eabi/4.8.4/../../../../arm-none-eabi/lib/armv6-m\libg_s.a(lib_a-nano-freer.o)
 .debug_frame   0x00001910       0x2c c:/freescale/kds_3.0.0/toolchain/bin/../lib/gcc/arm-none-eabi/4.8.4/../../../../arm-none-eabi/lib/armv6-m\libg_s.a(lib_a-nano-mallocr.o)
 .debug_frame   0x0000193c       0x2c c:/freescale/kds_3.0.0/toolchain/bin/../lib/gcc/arm-none-eabi/4.8.4/../../../../arm-none-eabi/lib/armv6-m\libg_s.a(lib_a-sbrkr.o)
 .debug_frame   0x00001968       0xa0 c:/freescale/kds_3.0.0/toolchain/bin/../lib/gcc/arm-none-eabi/4.8.4/../../../../arm-none-eabi/lib/armv6-m\libg_s.a(lib_a-vfprintf.o)
 .debug_frame   0x00001a08       0x54 c:/freescale/kds_3.0.0/toolchain/bin/../lib/gcc/arm-none-eabi/4.8.4/../../../../arm-none-eabi/lib/armv6-m\libg_s.a(lib_a-vfprintf_i.o)
 .debug_frame   0x00001a5c       0x44 c:/freescale/kds_3.0.0/toolchain/bin/../lib/gcc/arm-none-eabi/4.8.4/../../../../arm-none-eabi/lib/armv6-m\libg_s.a(lib_a-wbuf.o)
 .debug_frame   0x00001aa0       0x2c c:/freescale/kds_3.0.0/toolchain/bin/../lib/gcc/arm-none-eabi/4.8.4/../../../../arm-none-eabi/lib/armv6-m\libg_s.a(lib_a-wsetup.o)
 .debug_frame   0x00001acc       0x28 c:/freescale/kds_3.0.0/toolchain/bin/../lib/gcc/arm-none-eabi/4.8.4/../../../../arm-none-eabi/lib/armv6-m\libg_s.a(lib_a-abort.o)
 .debug_frame   0x00001af4       0x68 c:/freescale/kds_3.0.0/toolchain/bin/../lib/gcc/arm-none-eabi/4.8.4/../../../../arm-none-eabi/lib/armv6-m\libg_s.a(lib_a-fflush.o)
 .debug_frame   0x00001b5c      0x148 c:/freescale/kds_3.0.0/toolchain/bin/../lib/gcc/arm-none-eabi/4.8.4/../../../../arm-none-eabi/lib/armv6-m\libg_s.a(lib_a-findfp.o)
 .debug_frame   0x00001ca4       0x30 c:/freescale/kds_3.0.0/toolchain/bin/../lib/gcc/arm-none-eabi/4.8.4/../../../../arm-none-eabi/lib/armv6-m\libg_s.a(lib_a-makebuf.o)
 .debug_frame   0x00001cd4       0x20 c:/freescale/kds_3.0.0/toolchain/bin/../lib/gcc/arm-none-eabi/4.8.4/../../../../arm-none-eabi/lib/armv6-m\libg_s.a(lib_a-memchr-stub.o)
 .debug_frame   0x00001cf4       0x48 c:/freescale/kds_3.0.0/toolchain/bin/../lib/gcc/arm-none-eabi/4.8.4/../../../../arm-none-eabi/lib/armv6-m\libg_s.a(lib_a-reent.o)
 .debug_frame   0x00001d3c       0xe0 c:/freescale/kds_3.0.0/toolchain/bin/../lib/gcc/arm-none-eabi/4.8.4/../../../../arm-none-eabi/lib/armv6-m\libg_s.a(lib_a-signal.o)
 .debug_frame   0x00001e1c       0x44 c:/freescale/kds_3.0.0/toolchain/bin/../lib/gcc/arm-none-eabi/4.8.4/../../../../arm-none-eabi/lib/armv6-m\libg_s.a(lib_a-signalr.o)
 .debug_frame   0x00001e60       0x90 c:/freescale/kds_3.0.0/toolchain/bin/../lib/gcc/arm-none-eabi/4.8.4/../../../../arm-none-eabi/lib/armv6-m\libg_s.a(lib_a-stdio.o)
 .debug_frame   0x00001ef0       0x20 c:/freescale/kds_3.0.0/toolchain/bin/../lib/gcc/arm-none-eabi/4.8.4/../../../../arm-none-eabi/lib/armv6-m\libg_s.a(lib_a-strlen.o)
 .debug_frame   0x00001f10       0x2c c:/freescale/kds_3.0.0/toolchain/bin/../lib/gcc/arm-none-eabi/4.8.4/../../../../arm-none-eabi/lib/armv6-m\libg_s.a(lib_a-writer.o)
 .debug_frame   0x00001f3c       0x2c c:/freescale/kds_3.0.0/toolchain/bin/../lib/gcc/arm-none-eabi/4.8.4/../../../../arm-none-eabi/lib/armv6-m\libg_s.a(lib_a-closer.o)
 .debug_frame   0x00001f68       0x2c c:/freescale/kds_3.0.0/toolchain/bin/../lib/gcc/arm-none-eabi/4.8.4/../../../../arm-none-eabi/lib/armv6-m\libg_s.a(lib_a-fstatr.o)
 .debug_frame   0x00001f94       0x2c c:/freescale/kds_3.0.0/toolchain/bin/../lib/gcc/arm-none-eabi/4.8.4/../../../../arm-none-eabi/lib/armv6-m\libg_s.a(lib_a-isattyr.o)
 .debug_frame   0x00001fc0       0x2c c:/freescale/kds_3.0.0/toolchain/bin/../lib/gcc/arm-none-eabi/4.8.4/../../../../arm-none-eabi/lib/armv6-m\libg_s.a(lib_a-lseekr.o)
 .debug_frame   0x00001fec       0x2c c:/freescale/kds_3.0.0/toolchain/bin/../lib/gcc/arm-none-eabi/4.8.4/../../../../arm-none-eabi/lib/armv6-m\libg_s.a(lib_a-readr.o)
 .debug_frame   0x00002018       0x20 c:/freescale/kds_3.0.0/toolchain/bin/../lib/gcc/arm-none-eabi/4.8.4/../../../../arm-none-eabi/lib/armv6-m\libnosys.a(close.o)
 .debug_frame   0x00002038       0x20 c:/freescale/kds_3.0.0/toolchain/bin/../lib/gcc/arm-none-eabi/4.8.4/../../../../arm-none-eabi/lib/armv6-m\libnosys.a(fstat.o)
 .debug_frame   0x00002058       0x20 c:/freescale/kds_3.0.0/toolchain/bin/../lib/gcc/arm-none-eabi/4.8.4/../../../../arm-none-eabi/lib/armv6-m\libnosys.a(getpid.o)
 .debug_frame   0x00002078       0x20 c:/freescale/kds_3.0.0/toolchain/bin/../lib/gcc/arm-none-eabi/4.8.4/../../../../arm-none-eabi/lib/armv6-m\libnosys.a(isatty.o)
 .debug_frame   0x00002098       0x20 c:/freescale/kds_3.0.0/toolchain/bin/../lib/gcc/arm-none-eabi/4.8.4/../../../../arm-none-eabi/lib/armv6-m\libnosys.a(kill.o)
 .debug_frame   0x000020b8       0x20 c:/freescale/kds_3.0.0/toolchain/bin/../lib/gcc/arm-none-eabi/4.8.4/../../../../arm-none-eabi/lib/armv6-m\libnosys.a(lseek.o)
 .debug_frame   0x000020d8       0x20 c:/freescale/kds_3.0.0/toolchain/bin/../lib/gcc/arm-none-eabi/4.8.4/../../../../arm-none-eabi/lib/armv6-m\libnosys.a(read.o)
 .debug_frame   0x000020f8       0x20 c:/freescale/kds_3.0.0/toolchain/bin/../lib/gcc/arm-none-eabi/4.8.4/../../../../arm-none-eabi/lib/armv6-m\libnosys.a(sbrk.o)
 .debug_frame   0x00002118       0x20 c:/freescale/kds_3.0.0/toolchain/bin/../lib/gcc/arm-none-eabi/4.8.4/../../../../arm-none-eabi/lib/armv6-m\libnosys.a(write.o)
 .debug_frame   0x00002138       0x20 c:/freescale/kds_3.0.0/toolchain/bin/../lib/gcc/arm-none-eabi/4.8.4/../../../../arm-none-eabi/lib/armv6-m\libnosys.a(_exit.o)

.stab           0x00000000       0xcc
 .stab          0x00000000       0x24 c:/freescale/kds_3.0.0/toolchain/bin/../lib/gcc/arm-none-eabi/4.8.4/../../../../arm-none-eabi/lib/armv6-m\libnosys.a(close.o)
 .stab          0x00000024       0x18 c:/freescale/kds_3.0.0/toolchain/bin/../lib/gcc/arm-none-eabi/4.8.4/../../../../arm-none-eabi/lib/armv6-m\libnosys.a(fstat.o)
                                 0x24 (size before relaxing)
 .stab          0x0000003c       0x18 c:/freescale/kds_3.0.0/toolchain/bin/../lib/gcc/arm-none-eabi/4.8.4/../../../../arm-none-eabi/lib/armv6-m\libnosys.a(getpid.o)
                                 0x24 (size before relaxing)
 .stab          0x00000054       0x18 c:/freescale/kds_3.0.0/toolchain/bin/../lib/gcc/arm-none-eabi/4.8.4/../../../../arm-none-eabi/lib/armv6-m\libnosys.a(isatty.o)
                                 0x24 (size before relaxing)
 .stab          0x0000006c       0x18 c:/freescale/kds_3.0.0/toolchain/bin/../lib/gcc/arm-none-eabi/4.8.4/../../../../arm-none-eabi/lib/armv6-m\libnosys.a(kill.o)
                                 0x24 (size before relaxing)
 .stab          0x00000084       0x18 c:/freescale/kds_3.0.0/toolchain/bin/../lib/gcc/arm-none-eabi/4.8.4/../../../../arm-none-eabi/lib/armv6-m\libnosys.a(lseek.o)
                                 0x24 (size before relaxing)
 .stab          0x0000009c       0x18 c:/freescale/kds_3.0.0/toolchain/bin/../lib/gcc/arm-none-eabi/4.8.4/../../../../arm-none-eabi/lib/armv6-m\libnosys.a(read.o)
                                 0x24 (size before relaxing)
 .stab          0x000000b4       0x18 c:/freescale/kds_3.0.0/toolchain/bin/../lib/gcc/arm-none-eabi/4.8.4/../../../../arm-none-eabi/lib/armv6-m\libnosys.a(write.o)
                                 0x24 (size before relaxing)

.stabstr        0x00000000      0x1b9
 .stabstr       0x00000000      0x1b9 c:/freescale/kds_3.0.0/toolchain/bin/../lib/gcc/arm-none-eabi/4.8.4/../../../../arm-none-eabi/lib/armv6-m\libnosys.a(close.o)
